
 RUN  v4.1.5 /Users/dudujarra/Documents/ELIFOOT

 ✓ tests/regression/SPEC-060-club-identity.test.js > SPEC-060: Club Identity System (170 clubes BR+EU+SA) > CLUB_COLORS has 170 entries 1ms
 ✓ tests/regression/SPEC-060-club-identity.test.js > SPEC-060: Club Identity System (170 clubes BR+EU+SA) > Total clubs in DBs is 170 0ms
 ✓ tests/regression/SPEC-060-club-identity.test.js > SPEC-060: Club Identity System (170 clubes BR+EU+SA) > getClubColors returns mapped colors for Flamengo 0ms
 ✓ tests/regression/SPEC-060-club-identity.test.js > SPEC-060: Club Identity System (170 clubes BR+EU+SA) > getClubColors returns DEFAULT for unmapped + derived initials 0ms
 × tests/regression/SPEC-060-club-identity.test.js > SPEC-060: Club Identity System (170 clubes BR+EU+SA) > All 170 clubs from DBs are mapped in CLUB_COLORS 3ms
   → expected [ 'Tottenham Hotspur', …(45) ] to deeply equal []
 × tests/regression/SPEC-060-club-identity.test.js > SPEC-060: Club Identity System (170 clubes BR+EU+SA) > All 170 clubs have sprite coords 1ms
   → expected [ 'Tottenham Hotspur', …(45) ] to deeply equal []
 ✓ tests/regression/SPEC-060-club-identity.test.js > SPEC-060: Club Identity System (170 clubes BR+EU+SA) > deriveInitials strips accents/non-letters 0ms
 ✓ tests/regression/SPEC-060-club-identity.test.js > SPEC-060: Club Identity System (170 clubes BR+EU+SA) > All clubes have valid color/initials format 4ms
 ✓ tests/regression/SPEC-060-club-identity.test.js > SPEC-060: Club Identity System (170 clubes BR+EU+SA) > Sprite coords valid per sheet config 4ms
 ✓ tests/regression/SPEC-060-club-identity.test.js > SPEC-060: Club Identity System (170 clubes BR+EU+SA) > Sheet sprite counts match expected: BR 4×20, EU 5×10, SA 4×10 0ms
 ✓ tests/regression/SPEC-060-club-identity.test.js > SPEC-060: Club Identity System (170 clubes BR+EU+SA) > SPRITE_SHEETS has all 13 sheets 0ms
 ✓ tests/regression/SPEC-060-club-identity.test.js > SPEC-060: Club Identity System (170 clubes BR+EU+SA) > getClubSprite returns null for unknown 0ms
 ✓ tests/regression/SPEC-060-club-identity.test.js > SPEC-060: Club Identity System (170 clubes BR+EU+SA) > Authentic primary colors spot-check BR + Tier S Europe 0ms
 × tests/regression/SPEC-115-117-adaptive-bot.test.js > SPEC-115/116 — encodeState > encodes all 6 dimensions (BUG-042 added squadTier) 9ms
   → expected 7 to be 6 // Object.is equality
 × tests/regression/SPEC-115-117-adaptive-bot.test.js > SPEC-115/116 — encodeState > top4 vs bottom positioning 1ms
   → expected false to be true // Object.is equality
 × tests/regression/SPEC-115-117-adaptive-bot.test.js > SPEC-115/116 — encodeState > balance tiers 1ms
   → expected 'NEG' to be 'red' // Object.is equality
 × tests/regression/SPEC-115-117-adaptive-bot.test.js > SPEC-115/116 — encodeState > week phase early/mid/late 0ms
   → expected 'E' to be 'early' // Object.is equality
 ✓ tests/regression/SPEC-115-117-adaptive-bot.test.js > SPEC-117 — detectGoals + actionRelevance > AVOID_RELEGATION fires when posTier=bottom 0ms
 ✓ tests/regression/SPEC-115-117-adaptive-bot.test.js > SPEC-117 — detectGoals + actionRelevance > FINANCIAL_HEALTH fires when balance<0 0ms
 ✓ tests/regression/SPEC-115-117-adaptive-bot.test.js > SPEC-117 — detectGoals + actionRelevance > SQUAD_DEPTH fires when squad<18 0ms
 ✓ tests/regression/SPEC-115-117-adaptive-bot.test.js > SPEC-117 — detectGoals + actionRelevance > actionRelevance returns numeric in [-1, 1] for known mappings 0ms
 ✓ tests/regression/SPEC-115-117-adaptive-bot.test.js > SPEC-117 — detectGoals + actionRelevance > actionRelevance returns 0 for unknown action 0ms
 ✓ tests/regression/SPEC-115-117-adaptive-bot.test.js > SPEC-115/116 — computeReward (BUG-041 reshape) > match win base = +10 + clean sheet +3 = 13 0ms
 ✓ tests/regression/SPEC-115-117-adaptive-bot.test.js > SPEC-115/116 — computeReward (BUG-041 reshape) > match win with goals against still positive 0ms
 ✓ tests/regression/SPEC-115-117-adaptive-bot.test.js > SPEC-115/116 — computeReward (BUG-041 reshape) > match draw base = +2 0ms
 ✓ tests/regression/SPEC-115-117-adaptive-bot.test.js > SPEC-115/116 — computeReward (BUG-041 reshape) > match narrow loss = -1 (BUG-041 soft) 0ms
 ✓ tests/regression/SPEC-115-117-adaptive-bot.test.js > SPEC-115/116 — computeReward (BUG-041 reshape) > match big loss = -5 0ms
 ✓ tests/regression/SPEC-115-117-adaptive-bot.test.js > SPEC-115/116 — computeReward (BUG-041 reshape) > balance delta caps at +/-10 (excluding bonuses) 0ms
 ✓ tests/regression/SPEC-115-117-adaptive-bot.test.js > SPEC-115/116 — computeReward (BUG-041 reshape) > promotion = +60 (BUG-RC1 symmetric, + clean sheet 3) 0ms
 ✓ tests/regression/SPEC-115-117-adaptive-bot.test.js > SPEC-115/116 — computeReward (BUG-041 reshape) > relegation = -60 (BUG-RC1 symmetric, + clean sheet 3) 0ms
 ✓ tests/regression/SPEC-115-117-adaptive-bot.test.js > SPEC-115/116 — computeReward (BUG-041 reshape) > own scoring rewards even on loss 0ms
 ✓ tests/regression/SPEC-115-117-adaptive-bot.test.js > SPEC-115/116 — AdaptiveBrain Q-learning > cold-start picks random action 1ms
 ✓ tests/regression/SPEC-115-117-adaptive-bot.test.js > SPEC-115/116 — AdaptiveBrain Q-learning > observe + getQ updates Bellman 0ms
 ✓ tests/regression/SPEC-115-117-adaptive-bot.test.js > SPEC-115/116 — AdaptiveBrain Q-learning > repeated reward grows Q monotonically 0ms
 ✓ tests/regression/SPEC-115-117-adaptive-bot.test.js > SPEC-115/116 — AdaptiveBrain Q-learning > preferred action is exploited after enough visits 1ms
 ✓ tests/regression/SPEC-115-117-adaptive-bot.test.js > SPEC-115/116 — AdaptiveBrain Q-learning > table size capped via LRU eviction 31ms
 ✓ tests/regression/SPEC-115-117-adaptive-bot.test.js > SPEC-115/116 — AdaptiveBrain Q-learning > reset clears state 0ms
 ✓ tests/regression/SPEC-115-117-adaptive-bot.test.js > SPEC-115/116 — AdaptiveBrain Q-learning > summary returns counts + top actions 0ms
 ✓ tests/regression/SPEC-115-117-adaptive-bot.test.js > SPEC-115/116 — AdaptiveBrain Q-learning > save + restore roundtrip 0ms
 ✓ tests/integration/marl-e2e.test.js > MARL E2E Integration > Fase 1: OCEAN Personality System > all 8 archetypes exist and have valid OCEAN 62ms
 ✓ tests/regression/BUG-026-029-autoplay.test.js > BUG-026 — engine season rollover > engine.startNewSeason exists 60ms
 ✓ tests/regression/BUG-055-draws-only.test.js > BUG-055 — makeBuyOffer auto-promotes when position weak > new buy auto-promotes if position has <2 starters 60ms
 ✓ tests/integration/system-integration.test.js > System Integration: constructor state > initializes boardTension at 50 60ms
 ✓ tests/integration/system-integration.test.js > System Integration: constructor state > initializes lossStreak at 0 51ms
 ✓ tests/regression/BUG-040-043-cascade.test.js > BUG-043 — startNewSeason increments seasonNumber > seasonNumber++ on rollover 69ms
 ✓ tests/regression/BUG-040-043-cascade.test.js > BUG-043 — startNewSeason increments seasonNumber > multiple rollovers accumulate seasonNumber 79ms
 ✓ tests/regression/BUG-010.test.js > BUG-010 regression: shell script octal handling > Script roda help sem erro 13ms
 ✓ tests/regression/BUG-010.test.js > BUG-010 regression: shell script octal handling > Script search funcional 606ms
 ✓ tests/regression/BUG-010.test.js > BUG-010 regression: shell script octal handling > Bash 10# base force aplicado 0ms
 ✓ tests/regression/BUG-026-029-autoplay.test.js > BUG-026 — engine season rollover > advanceWeek auto-rollovers when currentWeek hits 38 101ms
 ✓ tests/integration/system-integration.test.js > System Integration: constructor state > initializes rivalryHistory as empty object 56ms
 ✓ tests/integration/system-integration.test.js > System Integration: constructor state > initializes formerCompanions as empty array 55ms
 ✓ tests/regression/BUG-055-draws-only.test.js > BUG-055 — makeBuyOffer auto-promotes when position weak > new buy demotes weakest starter if upgrade significant 49ms
 ✓ tests/regression/BUG-055-draws-only.test.js > BUG-055 — getTeamSectors fallback when no titulares > sectors never return 0 even if no titulares in position 59ms
 ✓ tests/integration/marl-e2e.test.js > MARL E2E Integration > Fase 1: OCEAN Personality System > generatePersonality produces unique outputs 47ms
 ✓ tests/integration/marl-e2e.test.js > MARL E2E Integration > Fase 1: OCEAN Personality System > suggestArchetypeForClub returns valid archetype 52ms
 ✓ tests/integration/marl-e2e.test.js > MARL E2E Integration > Fase 1: OCEAN Personality System > checkIsTilted responds to stress correctly 47ms
 ✓ tests/regression/BUG-040-043-cascade.test.js > BUG-043 — startNewSeason increments seasonNumber > managerStats reset on new season 51ms
 ✓ tests/regression/BUG-040-043-cascade.test.js > BUG-040 — emergency squad replenish in startNewSeason > squad < 11 triggers double youth intake on rollover 74ms
stdout | tests/integration/deep-soak-20seasons.test.js > Deep Soak Test — 20 seasons ML convergence

=== DEEP SOAK: 760 weeks, 20 seasons, 0 errors ===

stdout | tests/integration/deep-soak-20seasons.test.js > Deep Soak Test — 20 seasons ML convergence > Q-values bounded ±50 (no runaway)
Q range: [-1.74, 10.66] | States: 17 | Updates: 250

stdout | tests/integration/deep-soak-20seasons.test.js > Deep Soak Test — 20 seasons ML convergence > replay buffer bounded ≤200
Replay buffer: 200/200

stdout | tests/integration/deep-soak-20seasons.test.js > Deep Soak Test — 20 seasons ML convergence > alpha decayed after 20 seasons
α effective: 0.09756 (250 updates)

stdout | tests/integration/deep-soak-20seasons.test.js > Deep Soak Test — 20 seasons ML convergence > decision buffers bounded (no memory leak)
Decisions: 100 | Anomalies: 31 | Successes: 100

stdout | tests/integration/deep-soak-20seasons.test.js > Deep Soak Test — 20 seasons ML convergence > season history complete and enriched

=== Season History (20 entries) ===
  S1: Div1 Pos7 Bal=54.6M prom=false rel=false
  S2: Div1 Pos3 Bal=12.5M prom=false rel=false
  S3: Div1 Pos3 Bal=1.1M prom=false rel=false
  S4: Div1 Pos2 Bal=8.6M prom=true rel=false
  S5: Div1 Pos10 Bal=51.5M prom=false rel=false
  S6: Div1 Pos14 Bal=33.0M prom=false rel=false
  S7: Div1 Pos17 Bal=1.1M prom=false rel=false
  S8: Div2 Pos15 Bal=40.9M prom=false rel=false
  S9: Div2 Pos8 Bal=6.1M prom=false rel=false
  S10: Div2 Pos9 Bal=62.1M prom=false rel=false
  S11: Div2 Pos19 Bal=43.9M prom=false rel=true
  S12: Div3 Pos17 Bal=13.3M prom=false rel=false
  S13: Div4 Pos3 Bal=20.4M prom=false rel=false
  S14: Div3 Pos4 Bal=101.2M prom=false rel=false
  S15: Div2 Pos1 Bal=12.8M prom=true rel=false
  S16: Div1 Pos12 Bal=92.4M prom=false rel=false
  S17: Div1 Pos6 Bal=31.9M prom=false rel=false
  S18: Div1 Pos3 Bal=42.4M prom=false rel=false
  S19: Div1 Pos18 Bal=70.4M prom=false rel=false
  S20: Div2 Pos20 Bal=62.7M prom=false rel=true

stdout | tests/integration/deep-soak-20seasons.test.js > Deep Soak Test — 20 seasons ML convergence > brain summary has convergence metrics

=== Brain Summary ===
  States: 17 | Updates: 250 | Replay: 200 | Impactful: undefined
  Top Actions: TACTIC_offensive=23.1, TACTIC_normal=10.0, MKT_BUY_YES=7.1, TACTIC_counter=6.3, TACTIC_defensive=4.9

stdout | tests/integration/deep-soak-20seasons.test.js > Deep Soak Test — 20 seasons ML convergence > emotional engine stable
Emotional state: CALM

stdout | tests/integration/deep-soak-20seasons.test.js > Deep Soak Test — 20 seasons ML convergence > win rate reasonable (not stuck at 0% or 100%)

Record: 335W 134D 317L (42.6% WR)

 ✓ tests/integration/deep-soak-20seasons.test.js > Deep Soak Test — 20 seasons ML convergence > zero crashes over 20 seasons 1ms
 ✓ tests/integration/deep-soak-20seasons.test.js > Deep Soak Test — 20 seasons ML convergence > Q-values bounded ±50 (no runaway) 0ms
 ✓ tests/integration/deep-soak-20seasons.test.js > Deep Soak Test — 20 seasons ML convergence > replay buffer bounded ≤200 0ms
 ✓ tests/integration/deep-soak-20seasons.test.js > Deep Soak Test — 20 seasons ML convergence > alpha decayed after 20 seasons 0ms
 ✓ tests/integration/deep-soak-20seasons.test.js > Deep Soak Test — 20 seasons ML convergence > decision buffers bounded (no memory leak) 0ms
 ✓ tests/integration/deep-soak-20seasons.test.js > Deep Soak Test — 20 seasons ML convergence > season history complete and enriched 0ms
 ✓ tests/integration/deep-soak-20seasons.test.js > Deep Soak Test — 20 seasons ML convergence > brain summary has convergence metrics 0ms
 ✓ tests/integration/deep-soak-20seasons.test.js > Deep Soak Test — 20 seasons ML convergence > emotional engine stable 0ms
 ✓ tests/integration/deep-soak-20seasons.test.js > Deep Soak Test — 20 seasons ML convergence > win rate reasonable (not stuck at 0% or 100%) 0ms
 ✓ tests/regression/BUG-055-draws-only.test.js > BUG-055 — getTeamSectors fallback when no titulares > sectors fall back to bench players in same position 74ms
 ✓ tests/regression/BUG-055-draws-only.test.js > BUG-055 — getTeamSectors fallback when no titulares > sectors use baseline 35 if no players at all in position 51ms
 ✓ tests/integration/system-integration.test.js > System Integration: constructor state > initializes chronicles as empty array 49ms
 ✓ tests/integration/system-integration.test.js > System Integration: constructor state > initializes hallOfLegends as null 58ms
stdout | tests/integration/autoplay-full-audit.test.js > AutoPlay Full Feature Audit — 5 Season Smoke > 9. Paridade Humana > bot exercises at least 7 out of 9 human actions in 5 seasons

=== HUMAN PARITY AUDIT ===
  ✅ TRAIN: 2
  ✅ TACTIC_CHANGE: 4
  ❌ FORMATION: 0
  ✅ BUY_OFFER: 1
  ❌ MARKET_INQUIRY: 0
  ✅ VISIT_VIEW: 2
  ✅ NARRATIVE_EVENT: 74
  ✅ TEAM_TALK: 6
  ❌ SCARCITY_WINDOW: 0
  Parity: 6/9

stdout | tests/integration/autoplay-full-audit.test.js > AutoPlay Full Feature Audit — 5 Season Smoke > 9. Paridade Humana > [SUMMARY] print full audit report

=== FULL AUDIT SUMMARY ===
  Weeks: 760
  Seasons: 20
  Record: 335W 134D 317L
  Win Rate: 42.6%
  Transfers: 133
  Brain Updates: 250
  Q-States: 18
  Emotional State: TILTED
  Anomalies: 31
  Decisions: 100

--- Decision Breakdown ---
  NARRATIVE_EVENT: 74
  TEAM_TALK: 6
  DREAD_RELEGATION: 5
  TACTIC_CHANGE: 4
  PRESS_CONFERENCE: 4
  TRAIN: 2
  VISIT_VIEW: 2
  SUBSTITUTION: 2
  BUY_OFFER: 1

--- Anomaly Breakdown ---
  TACTIC_STUCK: 19
  LOSS_STREAK: 8
  VEXAME: 3
  SQUAD_SHORT: 1

--- Season History (enriched) ---
  S1: Div1 Pos7 Bal=54.6M prom=false rel=false squad=15 loan=false
  S2: Div1 Pos3 Bal=12.5M prom=false rel=false squad=16 loan=true
  S3: Div1 Pos3 Bal=1.1M prom=false rel=false squad=17 loan=false
  S4: Div1 Pos2 Bal=8.6M prom=true rel=false squad=16 loan=false
  S5: Div1 Pos10 Bal=51.5M prom=false rel=false squad=16 loan=false
  S6: Div1 Pos14 Bal=33.0M prom=false rel=false squad=14 loan=false
  S7: Div1 Pos17 Bal=1.1M prom=false rel=false squad=17 loan=false
  S8: Div2 Pos15 Bal=40.9M prom=false rel=false squad=15 loan=false
  S9: Div2 Pos8 Bal=6.1M prom=false rel=false squad=16 loan=true
  S10: Div2 Pos9 Bal=62.1M prom=false rel=false squad=18 loan=false
  S11: Div2 Pos19 Bal=43.9M prom=false rel=true squad=18 loan=false
  S12: Div3 Pos17 Bal=13.3M prom=false rel=false squad=17 loan=false
  S13: Div4 Pos3 Bal=20.4M prom=false rel=false squad=16 loan=false
  S14: Div3 Pos4 Bal=101.2M prom=false rel=false squad=16 loan=false
  S15: Div2 Pos1 Bal=12.8M prom=true rel=false squad=16 loan=false
  S16: Div1 Pos12 Bal=92.4M prom=false rel=false squad=17 loan=false
  S17: Div1 Pos6 Bal=31.9M prom=false rel=false squad=17 loan=false
  S18: Div1 Pos3 Bal=42.4M prom=false rel=false squad=18 loan=false
  S19: Div1 Pos18 Bal=70.4M prom=false rel=false squad=18 loan=false
  S20: Div2 Pos20 Bal=62.7M prom=false rel=true squad=18 loan=false

 ✓ tests/integration/autoplay-full-audit.test.js > AutoPlay Full Feature Audit — 5 Season Smoke > 1. ML/Brain Q-Learning > brain exists and has personality 1ms
 ✓ tests/integration/autoplay-full-audit.test.js > AutoPlay Full Feature Audit — 5 Season Smoke > 1. ML/Brain Q-Learning > brain made Q-table updates (learning) 1ms
 ✓ tests/integration/autoplay-full-audit.test.js > AutoPlay Full Feature Audit — 5 Season Smoke > 1. ML/Brain Q-Learning > Q-table has multiple states (not collapsed) 0ms
 ✓ tests/integration/autoplay-full-audit.test.js > AutoPlay Full Feature Audit — 5 Season Smoke > 1. ML/Brain Q-Learning > brain has emotional engine attached 0ms
 ✓ tests/integration/autoplay-full-audit.test.js > AutoPlay Full Feature Audit — 5 Season Smoke > 1. ML/Brain Q-Learning > brain has episodic memory entries 0ms
 ✓ tests/integration/autoplay-full-audit.test.js > AutoPlay Full Feature Audit — 5 Season Smoke > 2. Mercado & Transfers > BUY_OFFER decisions were made (bot scouts and buys) 0ms
 × tests/integration/autoplay-full-audit.test.js > AutoPlay Full Feature Audit — 5 Season Smoke > 2. Mercado & Transfers > MARKET_INQUIRY decisions were made (valuation probes) 6ms
   → expected 0 to be greater than 0
 ✓ tests/integration/autoplay-full-audit.test.js > AutoPlay Full Feature Audit — 5 Season Smoke > 3. Tática & Formação > TACTIC_CHANGE decisions exist (BUG-RC3 observability fix) 0ms
 ✓ tests/integration/autoplay-full-audit.test.js > AutoPlay Full Feature Audit — 5 Season Smoke > 3. Tática & Formação > tactic changes log source (brain vs heuristic) 0ms
 × tests/integration/autoplay-full-audit.test.js > AutoPlay Full Feature Audit — 5 Season Smoke > 3. Tática & Formação > FORMATION decisions were made (periodic rotation) 0ms
   → expected 0 to be greater than 0
 ✓ tests/integration/autoplay-full-audit.test.js > AutoPlay Full Feature Audit — 5 Season Smoke > 4. Treinamento > TRAIN decisions were logged 0ms
 ✓ tests/integration/autoplay-full-audit.test.js > AutoPlay Full Feature Audit — 5 Season Smoke > 4. Treinamento > training uses ML brain picking (picked field) 0ms
 ✓ tests/integration/autoplay-full-audit.test.js > AutoPlay Full Feature Audit — 5 Season Smoke > 4. Treinamento > training is throttled (not every week — BUG-029 fix) 0ms
 ✓ tests/integration/autoplay-full-audit.test.js > AutoPlay Full Feature Audit — 5 Season Smoke > 5. Finanças > peak/lowest balance tracked 0ms
 ✓ tests/integration/autoplay-full-audit.test.js > AutoPlay Full Feature Audit — 5 Season Smoke > 6. Squad Management > RENEW_CONTRACT system works 0ms
 ✓ tests/integration/autoplay-full-audit.test.js > AutoPlay Full Feature Audit — 5 Season Smoke > 7. Narrativa & Eventos > NARRATIVE_EVENT fired (weekEvents processing) 0ms
 ✓ tests/integration/autoplay-full-audit.test.js > AutoPlay Full Feature Audit — 5 Season Smoke > 7. Narrativa & Eventos > TEAM_TALK fired 0ms
 × tests/integration/autoplay-full-audit.test.js > AutoPlay Full Feature Audit — 5 Season Smoke > 7. Narrativa & Eventos > SCARCITY_WINDOW (transfer deadline) detected 0ms
   → expected 0 to be greater than 0
 ✓ tests/integration/autoplay-full-audit.test.js > AutoPlay Full Feature Audit — 5 Season Smoke > 8. Observabilidade > seasonHistory exists and has enriched data 0ms
 × tests/integration/autoplay-full-audit.test.js > AutoPlay Full Feature Audit — 5 Season Smoke > 8. Observabilidade > decision buffer is NOT saturated by routine events (BUG-RC2 fix) 0ms
   → expected 0.74 to be less than 0.6
 ✓ tests/integration/autoplay-full-audit.test.js > AutoPlay Full Feature Audit — 5 Season Smoke > 8. Observabilidade > strategic decisions are preserved in buffer 0ms
 ✓ tests/integration/autoplay-full-audit.test.js > AutoPlay Full Feature Audit — 5 Season Smoke > 8. Observabilidade > decisions include season number (BUG-RC2 fix) 0ms
 × tests/integration/autoplay-full-audit.test.js > AutoPlay Full Feature Audit — 5 Season Smoke > 9. Paridade Humana > bot exercises at least 7 out of 9 human actions in 5 seasons 1ms
   → expected 6 to be greater than or equal to 7
 ✓ tests/integration/autoplay-full-audit.test.js > AutoPlay Full Feature Audit — 5 Season Smoke > 9. Paridade Humana > bot has win/draw/loss distribution (realistic match outcomes) 0ms
 ✓ tests/integration/autoplay-full-audit.test.js > AutoPlay Full Feature Audit — 5 Season Smoke > 9. Paridade Humana > bot completed 5 full seasons 0ms
 ✓ tests/integration/autoplay-full-audit.test.js > AutoPlay Full Feature Audit — 5 Season Smoke > 9. Paridade Humana > [SUMMARY] print full audit report 0ms
 ✓ tests/regression/BUG-026-029-autoplay.test.js > BUG-026 — engine season rollover > startNewSeason re-inits tournament fixtures 67ms
 ✓ tests/regression/BUG-026-029-autoplay.test.js > BUG-026 — engine season rollover > startNewSeason resets currentWeek to 0 71ms
 ✓ tests/regression/BUG-040-043-cascade.test.js > BUG-040 — emergency squad replenish in startNewSeason > squad >= 11 no emergency intake on rollover 67ms
 × tests/regression/BUG-040-043-cascade.test.js > BUG-042 — state encoding includes squadTier (6 dims) > thin squad bucket detected 4ms
   → expected 7 to be 6 // Object.is equality
 × tests/regression/BUG-040-043-cascade.test.js > BUG-042 — state encoding includes squadTier (6 dims) > normal squad bucket 1ms
   → expected 'NR' to be 'normal' // Object.is equality
 × tests/regression/BUG-040-043-cascade.test.js > BUG-042 — state encoding includes squadTier (6 dims) > deep squad bucket 0ms
   → expected 'DP' to be 'deep' // Object.is equality
 ✓ tests/regression/BUG-040-043-cascade.test.js > BUG-042 — state encoding includes squadTier (6 dims) > different squad sizes produce different state keys 0ms
 ✓ tests/integration/marl-e2e.test.js > MARL E2E Integration > Fase 2: Emotional State Machine > EmotionalEngine initializes in CALM 60ms
 ✓ tests/integration/marl-e2e.test.js > MARL E2E Integration > Fase 2: Emotional State Machine > processes events and transitions 51ms
 ✓ tests/integration/system-integration.test.js > System Integration: constructor state > initializes pendingCoachProposal as null 75ms
 ✓ tests/integration/system-integration.test.js > System Integration: constructor state > initializes activeChallenge as null 88ms
 ✓ tests/integration/marl-e2e.test.js > MARL E2E Integration > Fase 2: Emotional State Machine > getModifiers returns valid numbers 64ms
 ✓ tests/integration/marl-e2e.test.js > MARL E2E Integration > Fase 2: Emotional State Machine > serializes and restores correctly 40ms
 ✓ tests/integration/marl-e2e.test.js > MARL E2E Integration > Fase 2: Emotional State Machine > summary returns flat data (no React crash) 78ms
 ✓ tests/integration/marl-e2e.test.js > MARL E2E Integration > Fase 3: Prospect Theory Reward Shaping > losses hurt more than equivalent wins feel good 61ms
 ✓ tests/integration/system-integration.test.js > System Integration: advanceWeek hooks > SPEC-076: humiliation cascade triggers weekEvents on goleada 94ms
 ✓ tests/integration/system-integration.test.js > System Integration: advanceWeek hooks > SPEC-077: lossStreak tracks correctly across losses 51ms
 ✓ tests/specs/loan-system.test.js > Loan System > getLoanOptions returns options when no active loan 86ms
 ✓ tests/integration/marl-e2e.test.js > MARL E2E Integration > Fase 3: Prospect Theory Reward Shaping > emotionalLossMod amplifies loss pain 65ms
 ✓ tests/integration/marl-e2e.test.js > MARL E2E Integration > Fase 3: Prospect Theory Reward Shaping > relegation with emotional mod is devastating 46ms
 ✓ tests/integration/marl-e2e.test.js > MARL E2E Integration > Fase 4: Engine Integration > AdaptiveBrain constructor works with archetype string 52ms
 ✓ tests/specs/SPEC-MonitorService.test.js > MonitorService > singleton pattern 3ms
 ✓ tests/specs/SPEC-MonitorService.test.js > MonitorService > CATEGORIES + SEVERITIES frozen 2ms
 ✓ tests/specs/SPEC-MonitorService.test.js > MonitorService > recordBug adiciona entry com severity error default 1ms
 ✓ tests/specs/SPEC-MonitorService.test.js > MonitorService > recordGameplay com action + ctx 2ms
 ✓ tests/specs/SPEC-MonitorService.test.js > MonitorService > recordFeedback inclui URL atual 1ms
 ✓ tests/specs/SPEC-MonitorService.test.js > MonitorService > recordNote livre 1ms
 ✓ tests/specs/SPEC-MonitorService.test.js > MonitorService > getByCategory filtra 0ms
 ✓ tests/specs/SPEC-MonitorService.test.js > MonitorService > getStats counts corretos 0ms
 ✓ tests/specs/SPEC-MonitorService.test.js > MonitorService > clear remove tudo 0ms
 ✓ tests/specs/SPEC-MonitorService.test.js > MonitorService > exportJSON retorna JSON válido 1ms
 ✓ tests/specs/SPEC-MonitorService.test.js > MonitorService > FIFO cap em MAX_ENTRIES 227ms
 ✓ tests/specs/SPEC-MonitorService.test.js > MonitorService > entries têm id único 4ms
 ✓ tests/specs/SPEC-MonitorService.test.js > MonitorService > install é idempotente 0ms
 ✓ tests/specs/SPEC-MonitorService.test.js > MonitorService > install gracefully sem window 0ms
 ✓ tests/regression/BUG-032-034-cascade.test.js > BUG-032 — squad auto-replenish via youth intake > triggerYouthIntake adds players to squad 84ms
 ✓ tests/engine.test.js > BUG-001: scoutRegionAction alias > engine deve ter o método scoutRegionAction 89ms
 ✓ tests/integration/system-integration.test.js > System Integration: advanceWeek hooks > SPEC-080: rivalry history populates after matches 225ms
 ✓ tests/integration/marl-e2e.test.js > MARL E2E Integration > Fase 4: Engine Integration > brain.pickAction returns valid action 56ms
 ✓ tests/integration/marl-e2e.test.js > MARL E2E Integration > Fase 4: Engine Integration > brain.processMatchResult does not throw 46ms
 ✓ tests/specs/loan-system.test.js > Loan System > takeLoan adds money to team balance 59ms
 ✓ tests/specs/loan-system.test.js > Loan System > cannot take second loan while one is active 76ms
 ✓ tests/characterization/save-roundtrip.test.js > Save round-trip preservation (RFCT-002) > baseline fixture matches expected shape 476ms
 ✓ tests/regression/BUG-032-034-cascade.test.js > BUG-032 — squad auto-replenish via youth intake > triggerYouthIntake callable mid-season (week !== 38) 75ms
 ✓ tests/regression/BUG-032-034-cascade.test.js > BUG-033 — match goal cap (12 combined max) > match never exceeds 12 combined goals even with weak squad 87ms
 ✓ tests/regression/BUG-032-034-cascade.test.js > BUG-033 — match goal cap (12 combined max) > normal match still produces realistic scores 85ms
 ✓ tests/regression/BUG-032-034-cascade.test.js > BUG-034 — career stat field names match PlayerTraits > initCareerStats creates totalGoals/seasonGoals/totalAssists/totalApps fields 0ms
 ✓ tests/regression/BUG-032-034-cascade.test.js > BUG-034 — career stat field names match PlayerTraits > recordMatchStats increments totalGoals (not goals) 0ms
 ✓ tests/regression/BUG-032-034-cascade.test.js > BUG-034 — career stat field names match PlayerTraits > AutoPlayService telemetry reads totalGoals correctly (smoke) 0ms
 ✓ tests/engine.test.js > BUG-001: scoutRegionAction alias > scoutRegionAction deve retornar o mesmo resultado que doScouting 69ms
 ✓ tests/engine.test.js > BUG-002: signScoutedPlayer > engine deve ter o método signScoutedPlayer 92ms
 ✓ tests/regression/SPEC-122-buy-offer-memory.test.js > SPEC-122 — Engine.makeBuyOffer > makeBuyOffer exists 124ms
 ✓ tests/regression/SPEC-122-buy-offer-memory.test.js > SPEC-122 — Engine.makeBuyOffer > rejects when target team not found 97ms
 ✓ tests/integration/marl-e2e.test.js > MARL E2E Integration > Fase 4: Engine Integration > brain.processSeasonEvent does not throw 54ms
 ✓ tests/integration/marl-e2e.test.js > MARL E2E Integration > Fase 4: Engine Integration > encodeState produces compact string 86ms
 ✓ tests/specs/loan-system.test.js > Loan System > processLoanPayment deducts weekly installment 66ms
 ✓ tests/specs/loan-system.test.js > Loan System > loan is cleared when all payments made 90ms
 ✓ tests/specs/loan-system.test.js > Loan System > payOffLoan clears loan immediately 96ms
 ✓ tests/specs/loan-system.test.js > Loan System > payOffLoan fails if balance insufficient 61ms
 ✓ tests/regression/SPEC-122-buy-offer-memory.test.js > SPEC-122 — Engine.makeBuyOffer > rejects when same team 62ms
 ✓ tests/regression/SPEC-122-buy-offer-memory.test.js > SPEC-122 — Engine.makeBuyOffer > rejects when balance insufficient 92ms
 ✓ tests/engine.test.js > BUG-002: signScoutedPlayer > deve retornar erro para index inválido 57ms
 ✓ tests/engine.test.js > BUG-002: signScoutedPlayer > deve retornar erro quando não há jogadores scoutados 76ms
 ✓ tests/integration/marl-e2e.test.js > MARL E2E Integration > Fase 5: Cognitive Biases > applySunkCost creates floor above current value if purchase was high 76ms
 ✓ tests/integration/marl-e2e.test.js > MARL E2E Integration > Fase 5: Cognitive Biases > applyEndowment inflates own player value 56ms
 ✓ tests/integration/marl-e2e.test.js > MARL E2E Integration > Fase 5: Cognitive Biases > applyHerdBehavior returns 1.0 with no transfers 43ms
 ✓ tests/engine.test.js > BUG-002: signScoutedPlayer > deve contratar jogador scoutado com sucesso 92ms
 ✓ tests/engine.test.js > BUG-002: signScoutedPlayer > deve rejeitar se saldo insuficiente 59ms
 ✓ tests/regression/SPEC-122-buy-offer-memory.test.js > SPEC-122 — Engine.makeBuyOffer > high offer (>1.5×value) usually accepted 55ms
 ✓ tests/regression/SPEC-122-buy-offer-memory.test.js > SPEC-122 — Engine.makeBuyOffer > low offer (<0.8×value) always rejected 83ms
stdout | tests/audio/audio-generator.test.js > SPEC-050: Audio Soundtrack System
🎵 Starting audio generation...

stdout | tests/audio/audio-generator.test.js > SPEC-050: Audio Soundtrack System
✅ Context tracks: 4

stdout | tests/audio/audio-generator.test.js > SPEC-050: Audio Soundtrack System
✅ Pre-match tracks: 6

stdout | tests/audio/audio-generator.test.js > SPEC-050: Audio Soundtrack System
✅ Match tracks: 156

stdout | tests/audio/audio-generator.test.js > SPEC-050: Audio Soundtrack System
✅ Post-match tracks: 165

stdout | tests/audio/audio-generator.test.js > SPEC-050: Audio Soundtrack System
✅ Narrative tracks: 171

stdout | tests/audio/audio-generator.test.js > SPEC-050: Audio Soundtrack System
✅ Admin tracks: 172

🎉 Generation complete: 172 tracks in 0.00s

 ✓ tests/characterization/save-roundtrip.test.js > Save round-trip preservation (RFCT-002) > engine state survives JSON round-trip 511ms
 ✓ tests/design/gdd-checklist.test.js > §23 GDD Automated Design Checklist > Player Fantasy & Framework > §1.3 Bartle types — Achiever systems exist 9ms
 ✓ tests/design/gdd-checklist.test.js > §23 GDD Automated Design Checklist > Player Fantasy & Framework > §1.2 DDA — DifficultyModes exist 4ms
 ✓ tests/design/gdd-checklist.test.js > §23 GDD Automated Design Checklist > Player Fantasy & Framework > §12.4 Octalysis — at least 2 drives per challenge mode 0ms
 ✓ tests/design/gdd-checklist.test.js > §23 GDD Automated Design Checklist > Engine Integrity > §6.1 seeded PRNG — rng.js exists, no Math.random in engine 3ms
 ✓ tests/design/gdd-checklist.test.js > §23 GDD Automated Design Checklist > Engine Integrity > §10 architecture — engine has zero DOM imports 5ms
 ✓ tests/design/gdd-checklist.test.js > §23 GDD Automated Design Checklist > Gameplay Completeness > §16.2 ceremonies — TrophyCeremony component exists 0ms
 ✓ tests/design/gdd-checklist.test.js > §23 GDD Automated Design Checklist > Gameplay Completeness > §19.1 progressive disclosure — ViewUnlockSystem has conditions 0ms
 ✓ tests/design/gdd-checklist.test.js > §23 GDD Automated Design Checklist > Gameplay Completeness > §14.2 challenge modes — at least 5 pre-set modes 0ms
 ✓ tests/design/gdd-checklist.test.js > §23 GDD Automated Design Checklist > Gameplay Completeness > §12.1 core loop speed — formations + tactics + training exist 0ms
 ✓ tests/design/gdd-checklist.test.js > §23 GDD Automated Design Checklist > Gameplay Completeness > §20.3 interrupt events — InterruptEvents.js exists 0ms
 ✓ tests/design/gdd-checklist.test.js > §23 GDD Automated Design Checklist > Gameplay Completeness > §22.5 season awards — engine has seasonAwards capability 0ms
 ✓ tests/design/gdd-checklist.test.js > §23 GDD Automated Design Checklist > Gameplay Completeness > §22.7 accessibility — prefers-reduced-motion in CSS 2ms
 ✓ tests/design/gdd-checklist.test.js > §23 GDD Automated Design Checklist > Gameplay Completeness > §8 narrative — ChronicleSystem + NarrativeService exist 0ms
 ✓ tests/integration/marl-e2e.test.js > MARL E2E Integration > Fase 5: Cognitive Biases > applyScarcityPanic increases near window end 63ms
 ✓ tests/integration/marl-e2e.test.js > MARL E2E Integration > Fase 5: Cognitive Biases > applyRecencyBias modulates by last match stats 91ms
 ✓ tests/audio/audio-generator.test.js > SPEC-050: Audio Soundtrack System > generation: 72+ tracks created (rule 1) 1ms
 ✓ tests/audio/audio-generator.test.js > SPEC-050: Audio Soundtrack System > categories: context=4, preMatch=2, match=50, postMatch=9, narrative=6, admin=1 (rule 2) 0ms
 ✓ tests/audio/audio-generator.test.js > SPEC-050: Audio Soundtrack System > vertentes: distribution within bounds (rule 3) 0ms
 ✓ tests/audio/audio-generator.test.js > SPEC-050: Audio Soundtrack System > metadata: all tracks have required fields (rule 4) 15ms
 ✓ tests/audio/audio-generator.test.js > SPEC-050: Audio Soundtrack System > midi: valid MIDI data generated (rule 5) 0ms
 ✓ tests/audio/audio-generator.test.js > SPEC-050: Audio Soundtrack System > metadata: all sunoPrompts valid (rule 6) 11ms
 ✓ tests/audio/audio-generator.test.js > SPEC-050: Audio Soundtrack System > validation: no duplicate track IDs (rule 7) 0ms
 ✓ tests/audio/audio-generator.test.js > SPEC-050: Audio Soundtrack System > synthesis: vertentes have correct BPM ranges (rule 8) 1ms
 ✓ tests/audio/audio-generator.test.js > SPEC-050: Audio Soundtrack System > audio: durations within valid range (rule 9) 2ms
 ✓ tests/audio/audio-generator.test.js > SPEC-050: Audio Soundtrack System > manifest: category sum = track count (rule 10) 0ms
 ✓ tests/audio/audio-generator.test.js > SPEC-050: Audio Soundtrack System > forbidden: no generation failure (forbidden 1) 0ms
 ✓ tests/audio/audio-generator.test.js > SPEC-050: Audio Soundtrack System > forbidden: suno prompts include vertente name (forbidden 2) 1ms
 ✓ tests/audio/audio-generator.test.js > SPEC-050: Audio Soundtrack System > batch: SunoPromptGenerator generates all prompts 0ms
 ✓ tests/audio/audio-generator.test.js > SPEC-050: Audio Soundtrack System > context: context tracks have fixed vertentes 1ms
 ✓ tests/audio/audio-generator.test.js > SPEC-050: Audio Soundtrack System > match: match tracks have momentum personalization 1ms
 ✓ tests/audio/audio-generator.test.js > SPEC-050: Audio Soundtrack System > narrative: all 6 narrative moments present 0ms
stdout | tests/regression/SPEC-115-117-adaptive-bot.test.js > New Game+ — Brain persists, gameplay resets > newGamePlus() saves brain and zeroes stats
[DAgger] Warm-start: 31 teacher lessons loaded

 ✓ tests/regression/SPEC-115-117-adaptive-bot.test.js > New Game+ — Brain persists, gameplay resets > newGamePlus() saves brain and zeroes stats 1683ms
 ✓ tests/engine.test.js > BUG-003: Speed ref pattern > useRef pattern exists in MatchView (verified by build) 60ms
 ✓ tests/engine.test.js > BUG-004: State reset on fulltime > verified by build — setPreStep(1) and setTalkDone(false) in fulltime button 79ms
 ✓ tests/specs/SPEC-144-soak-tests.test.js > SPEC-144: Statistical Soak Tests > Goal distribution: mean between 1.0 and 3.5 per team 2ms
 ✓ tests/specs/SPEC-144-soak-tests.test.js > SPEC-144: Statistical Soak Tests > Player OVR distribution: generated players have realistic spread 4ms
 ✓ tests/specs/SPEC-144-soak-tests.test.js > SPEC-144: Statistical Soak Tests > Market value correlates with OVR (higher OVR = higher value) 0ms
 ✓ tests/specs/SPEC-144-soak-tests.test.js > SPEC-144: Statistical Soak Tests > Player development: 20-season aging produces realistic OVR arc 3ms
 ✓ tests/specs/SPEC-144-soak-tests.test.js > SPEC-144: Statistical Soak Tests > Determinism: same seed produces identical 100-player batch 3ms
 ✓ tests/specs/SPEC-144-soak-tests.test.js > SPEC-144: Statistical Soak Tests > Value floor: no player valued below R$50k 9ms
 ✓ tests/regression/SPEC-122-buy-offer-memory.test.js > SPEC-122 — Engine.scoutLeague > returns array of candidates 84ms
 ✓ tests/regression/SPEC-122-buy-offer-memory.test.js > SPEC-122 — Engine.scoutLeague > filters by position 66ms
 ✓ tests/integration/marl-e2e.test.js > MARL E2E Integration > Fase 5: Cognitive Biases > applyBuyBiases returns structured result 100ms
 ✓ tests/characterization/save-roundtrip.test.js > Save round-trip preservation (RFCT-002) > BUG-021: Tournament prototypes restored after round-trip 391ms
 ✓ tests/regression/SPEC-122-buy-offer-memory.test.js > SPEC-122 — Engine.scoutLeague > respects minOVR filter 74ms
 ✓ tests/regression/BUG-026-029-autoplay.test.js > BUG-026 — engine season rollover > multiple advanceWeek calls survive past week 38 1303ms
 ✓ tests/engine.test.js > BUG-005: No dead imports > build should succeed without generateCounterOffer import 89ms
 ✓ tests/specs/SPEC-MonitorAutoLogger.test.js > MonitorService.instrumentEngine > wraps tracked methods 4ms
 ✓ tests/specs/SPEC-MonitorAutoLogger.test.js > MonitorService.instrumentEngine > preserva return value 1ms
 ✓ tests/specs/SPEC-MonitorAutoLogger.test.js > MonitorService.instrumentEngine > captura erro + re-throw 3ms
 ✓ tests/specs/SPEC-MonitorAutoLogger.test.js > MonitorService.instrumentEngine > idempotente (não duplica wrap) 0ms
 ✓ tests/specs/SPEC-MonitorAutoLogger.test.js > MonitorService.instrumentEngine > tracks setTactic 0ms
 ✓ tests/specs/SPEC-MonitorAutoLogger.test.js > MonitorService.instrumentEngine > non-tracked methods não logam 5ms
 ✓ tests/specs/SPEC-MonitorAutoLogger.test.js > MonitorService.instrumentEngine > args são summarizadas 1ms
 ✓ tests/specs/SPEC-MonitorAutoLogger.test.js > MonitorService.instrumentEngine > elapsedMs registrado 0ms
 ✓ tests/specs/SPEC-MonitorAutoLogger.test.js > MonitorService.instrumentEngine > engine sem método tracked: skip silently 5ms
 ✓ tests/specs/SPEC-MonitorAutoLogger.test.js > MonitorService.instrumentEngine > null/undefined engine: skip silently 2ms
 ✓ tests/specs/SPEC-MonitorAutoLogger.test.js > MonitorService — _summarizeArg > summarize primitives 0ms
 ✓ tests/specs/SPEC-MonitorAutoLogger.test.js > MonitorService — _summarizeArg > summarize array 0ms
 ✓ tests/specs/SPEC-MonitorAutoLogger.test.js > MonitorService — _summarizeArg > summarize object com id 0ms
 ✓ tests/specs/SPEC-MonitorAutoLogger.test.js > MonitorService — _summarizeArg > summarize object sem id 0ms
 ✓ tests/integration/marl-e2e.test.js > MARL E2E Integration > Fase 5: Cognitive Biases > applySellBiases returns minAcceptable 129ms
 ✓ tests/integration/marl-e2e.test.js > MARL E2E Integration > Fase 6: Multi-Agent Integration > engine assigns brains to all NPC teams 54ms
 ✓ tests/regression/SPEC-122-buy-offer-memory.test.js > SPEC-122 — Engine.scoutLeague > excludes own team 106ms
 ✓ tests/regression/SPEC-122-buy-offer-memory.test.js > SPEC-122 — Engine.scoutLeague > sorted by OVR descending 66ms
 ✓ tests/regression/SPEC-122-buy-offer-memory.test.js > SPEC-122 — AdaptiveBrain memory layer > memory starts empty 1ms
 ✓ tests/regression/SPEC-122-buy-offer-memory.test.js > SPEC-122 — AdaptiveBrain memory layer > remember() adds entry 0ms
 ✓ tests/regression/SPEC-122-buy-offer-memory.test.js > SPEC-122 — AdaptiveBrain memory layer > memory caps at memoryMax 0ms
 ✓ tests/regression/SPEC-122-buy-offer-memory.test.js > SPEC-122 — AdaptiveBrain memory layer > recallContext returns formatted string 0ms
 ✓ tests/regression/SPEC-122-buy-offer-memory.test.js > SPEC-122 — AdaptiveBrain memory layer > memory persists across save/restore 0ms
 ✓ tests/regression/SPEC-122-buy-offer-memory.test.js > SPEC-122 — AdaptiveBrain memory layer > reset clears memory too 0ms
 ✓ tests/characterization/save-roundtrip.test.js > Save round-trip preservation (RFCT-002) > Tournament classes preserved via __class tag 160ms
 ✓ tests/regression/BUG-021.test.js > BUG-021 regression — early return must not split hooks > DashboardView: early return AFTER all hooks 4ms
 ✓ tests/regression/BUG-021.test.js > BUG-021 regression — early return must not split hooks > PlayerDashboardView: early return AFTER all hooks 1ms
 ✓ tests/regression/BUG-021.test.js > BUG-021 regression — early return must not split hooks > DashboardView: useEffect guards against null team 0ms
 ✓ tests/regression/BUG-021.test.js > BUG-021 regression — early return must not split hooks > PlayerDashboardView: useEffects guard against null player 0ms
 ✓ tests/regression/SPEC-100-114-telemetry.test.js > SPEC-100-114 Telemetry Suite — shape contract > 'SPEC-100' 'Monotony Detector' returns valid shape on empty state 2ms
 ✓ tests/regression/SPEC-100-114-telemetry.test.js > SPEC-100-114 Telemetry Suite — shape contract > 'SPEC-101' 'Balance Audit' returns valid shape on empty state 0ms
 ✓ tests/regression/SPEC-100-114-telemetry.test.js > SPEC-100-114 Telemetry Suite — shape contract > 'SPEC-102' 'Fun Score' returns valid shape on empty state 0ms
 ✓ tests/regression/SPEC-100-114-telemetry.test.js > SPEC-100-114 Telemetry Suite — shape contract > 'SPEC-103' 'Decision Impact' returns valid shape on empty state 0ms
 ✓ tests/regression/SPEC-100-114-telemetry.test.js > SPEC-100-114 Telemetry Suite — shape contract > 'SPEC-104' 'Critical Path Map' returns valid shape on empty state 0ms
 ✓ tests/regression/SPEC-100-114-telemetry.test.js > SPEC-100-114 Telemetry Suite — shape contract > 'SPEC-105' 'Narrative Coverage' returns valid shape on empty state 0ms
 ✓ tests/regression/SPEC-100-114-telemetry.test.js > SPEC-100-114 Telemetry Suite — shape contract > 'SPEC-106' 'Emotional Arc' returns valid shape on empty state 0ms
 ✓ tests/regression/SPEC-100-114-telemetry.test.js > SPEC-100-114 Telemetry Suite — shape contract > 'SPEC-107' 'Player Identity' returns valid shape on empty state 0ms
 ✓ tests/regression/SPEC-100-114-telemetry.test.js > SPEC-100-114 Telemetry Suite — shape contract > 'SPEC-108' 'Rivalry Emergence' returns valid shape on empty state 0ms
 ✓ tests/regression/SPEC-100-114-telemetry.test.js > SPEC-100-114 Telemetry Suite — shape contract > 'SPEC-109' 'Economy Flow' returns valid shape on empty state 0ms
 ✓ tests/regression/SPEC-100-114-telemetry.test.js > SPEC-100-114 Telemetry Suite — shape contract > 'SPEC-110' 'Progression Curve' returns valid shape on empty state 0ms
 ✓ tests/regression/SPEC-100-114-telemetry.test.js > SPEC-100-114 Telemetry Suite — shape contract > 'SPEC-111' 'Market Liquidity' returns valid shape on empty state 0ms
 ✓ tests/regression/SPEC-100-114-telemetry.test.js > SPEC-100-114 Telemetry Suite — shape contract > 'SPEC-112' 'Session Length' returns valid shape on empty state 0ms
 ✓ tests/regression/SPEC-100-114-telemetry.test.js > SPEC-100-114 Telemetry Suite — shape contract > 'SPEC-113' 'Tutorial Funnel' returns valid shape on empty state 0ms
 ✓ tests/regression/SPEC-100-114-telemetry.test.js > SPEC-100-114 Telemetry Suite — shape contract > 'SPEC-114' 'Load Performance' returns valid shape on empty state 0ms
 ✓ tests/regression/SPEC-100-114-telemetry.test.js > SPEC-100-114 Telemetry Suite — shape contract > 'SPEC-100' 'Monotony Detector' handles null state safely 0ms
 ✓ tests/regression/SPEC-100-114-telemetry.test.js > SPEC-100-114 Telemetry Suite — shape contract > 'SPEC-101' 'Balance Audit' handles null state safely 0ms
 ✓ tests/regression/SPEC-100-114-telemetry.test.js > SPEC-100-114 Telemetry Suite — shape contract > 'SPEC-102' 'Fun Score' handles null state safely 0ms
 ✓ tests/regression/SPEC-100-114-telemetry.test.js > SPEC-100-114 Telemetry Suite — shape contract > 'SPEC-103' 'Decision Impact' handles null state safely 0ms
 ✓ tests/regression/SPEC-100-114-telemetry.test.js > SPEC-100-114 Telemetry Suite — shape contract > 'SPEC-104' 'Critical Path Map' handles null state safely 0ms
 ✓ tests/regression/SPEC-100-114-telemetry.test.js > SPEC-100-114 Telemetry Suite — shape contract > 'SPEC-105' 'Narrative Coverage' handles null state safely 0ms
 ✓ tests/regression/SPEC-100-114-telemetry.test.js > SPEC-100-114 Telemetry Suite — shape contract > 'SPEC-106' 'Emotional Arc' handles null state safely 0ms
 ✓ tests/regression/SPEC-100-114-telemetry.test.js > SPEC-100-114 Telemetry Suite — shape contract > 'SPEC-107' 'Player Identity' handles null state safely 0ms
 ✓ tests/regression/SPEC-100-114-telemetry.test.js > SPEC-100-114 Telemetry Suite — shape contract > 'SPEC-108' 'Rivalry Emergence' handles null state safely 0ms
 ✓ tests/regression/SPEC-100-114-telemetry.test.js > SPEC-100-114 Telemetry Suite — shape contract > 'SPEC-109' 'Economy Flow' handles null state safely 0ms
 ✓ tests/regression/SPEC-100-114-telemetry.test.js > SPEC-100-114 Telemetry Suite — shape contract > 'SPEC-110' 'Progression Curve' handles null state safely 0ms
 ✓ tests/regression/SPEC-100-114-telemetry.test.js > SPEC-100-114 Telemetry Suite — shape contract > 'SPEC-111' 'Market Liquidity' handles null state safely 0ms
 ✓ tests/regression/SPEC-100-114-telemetry.test.js > SPEC-100-114 Telemetry Suite — shape contract > 'SPEC-112' 'Session Length' handles null state safely 0ms
 ✓ tests/regression/SPEC-100-114-telemetry.test.js > SPEC-100-114 Telemetry Suite — shape contract > 'SPEC-113' 'Tutorial Funnel' handles null state safely 0ms
 ✓ tests/regression/SPEC-100-114-telemetry.test.js > SPEC-100-114 Telemetry Suite — shape contract > 'SPEC-114' 'Load Performance' handles null state safely 0ms
 ✓ tests/regression/SPEC-100-114-telemetry.test.js > SPEC-100-114 Telemetry Suite — shape contract > 'SPEC-100' 'Monotony Detector' handles undefined state safely 0ms
 ✓ tests/regression/SPEC-100-114-telemetry.test.js > SPEC-100-114 Telemetry Suite — shape contract > 'SPEC-101' 'Balance Audit' handles undefined state safely 0ms
 ✓ tests/regression/SPEC-100-114-telemetry.test.js > SPEC-100-114 Telemetry Suite — shape contract > 'SPEC-102' 'Fun Score' handles undefined state safely 0ms
 ✓ tests/regression/SPEC-100-114-telemetry.test.js > SPEC-100-114 Telemetry Suite — shape contract > 'SPEC-103' 'Decision Impact' handles undefined state safely 0ms
 ✓ tests/regression/SPEC-100-114-telemetry.test.js > SPEC-100-114 Telemetry Suite — shape contract > 'SPEC-104' 'Critical Path Map' handles undefined state safely 0ms
 ✓ tests/regression/SPEC-100-114-telemetry.test.js > SPEC-100-114 Telemetry Suite — shape contract > 'SPEC-105' 'Narrative Coverage' handles undefined state safely 0ms
 ✓ tests/regression/SPEC-100-114-telemetry.test.js > SPEC-100-114 Telemetry Suite — shape contract > 'SPEC-106' 'Emotional Arc' handles undefined state safely 0ms
 ✓ tests/regression/SPEC-100-114-telemetry.test.js > SPEC-100-114 Telemetry Suite — shape contract > 'SPEC-107' 'Player Identity' handles undefined state safely 0ms
 ✓ tests/regression/SPEC-100-114-telemetry.test.js > SPEC-100-114 Telemetry Suite — shape contract > 'SPEC-108' 'Rivalry Emergence' handles undefined state safely 0ms
 ✓ tests/regression/SPEC-100-114-telemetry.test.js > SPEC-100-114 Telemetry Suite — shape contract > 'SPEC-109' 'Economy Flow' handles undefined state safely 0ms
 ✓ tests/regression/SPEC-100-114-telemetry.test.js > SPEC-100-114 Telemetry Suite — shape contract > 'SPEC-110' 'Progression Curve' handles undefined state safely 0ms
 ✓ tests/regression/SPEC-100-114-telemetry.test.js > SPEC-100-114 Telemetry Suite — shape contract > 'SPEC-111' 'Market Liquidity' handles undefined state safely 0ms
 ✓ tests/regression/SPEC-100-114-telemetry.test.js > SPEC-100-114 Telemetry Suite — shape contract > 'SPEC-112' 'Session Length' handles undefined state safely 0ms
 ✓ tests/regression/SPEC-100-114-telemetry.test.js > SPEC-100-114 Telemetry Suite — shape contract > 'SPEC-113' 'Tutorial Funnel' handles undefined state safely 0ms
 ✓ tests/regression/SPEC-100-114-telemetry.test.js > SPEC-100-114 Telemetry Suite — shape contract > 'SPEC-114' 'Load Performance' handles undefined state safely 0ms
 ✓ tests/regression/SPEC-100-114-telemetry.test.js > SPEC-100-114 Telemetry Suite — shape contract > 'SPEC-100' 'Monotony Detector' records elapsed time 0ms
 ✓ tests/regression/SPEC-100-114-telemetry.test.js > SPEC-100-114 Telemetry Suite — shape contract > 'SPEC-101' 'Balance Audit' records elapsed time 0ms
 ✓ tests/regression/SPEC-100-114-telemetry.test.js > SPEC-100-114 Telemetry Suite — shape contract > 'SPEC-102' 'Fun Score' records elapsed time 0ms
 ✓ tests/regression/SPEC-100-114-telemetry.test.js > SPEC-100-114 Telemetry Suite — shape contract > 'SPEC-103' 'Decision Impact' records elapsed time 0ms
 ✓ tests/regression/SPEC-100-114-telemetry.test.js > SPEC-100-114 Telemetry Suite — shape contract > 'SPEC-104' 'Critical Path Map' records elapsed time 0ms
 ✓ tests/regression/SPEC-100-114-telemetry.test.js > SPEC-100-114 Telemetry Suite — shape contract > 'SPEC-105' 'Narrative Coverage' records elapsed time 0ms
 ✓ tests/regression/SPEC-100-114-telemetry.test.js > SPEC-100-114 Telemetry Suite — shape contract > 'SPEC-106' 'Emotional Arc' records elapsed time 0ms
 ✓ tests/regression/SPEC-100-114-telemetry.test.js > SPEC-100-114 Telemetry Suite — shape contract > 'SPEC-107' 'Player Identity' records elapsed time 0ms
 ✓ tests/regression/SPEC-100-114-telemetry.test.js > SPEC-100-114 Telemetry Suite — shape contract > 'SPEC-108' 'Rivalry Emergence' records elapsed time 0ms
 ✓ tests/regression/SPEC-100-114-telemetry.test.js > SPEC-100-114 Telemetry Suite — shape contract > 'SPEC-109' 'Economy Flow' records elapsed time 0ms
 ✓ tests/regression/SPEC-100-114-telemetry.test.js > SPEC-100-114 Telemetry Suite — shape contract > 'SPEC-110' 'Progression Curve' records elapsed time 0ms
 ✓ tests/regression/SPEC-100-114-telemetry.test.js > SPEC-100-114 Telemetry Suite — shape contract > 'SPEC-111' 'Market Liquidity' records elapsed time 0ms
 ✓ tests/regression/SPEC-100-114-telemetry.test.js > SPEC-100-114 Telemetry Suite — shape contract > 'SPEC-112' 'Session Length' records elapsed time 0ms
 ✓ tests/regression/SPEC-100-114-telemetry.test.js > SPEC-100-114 Telemetry Suite — shape contract > 'SPEC-113' 'Tutorial Funnel' records elapsed time 0ms
 ✓ tests/regression/SPEC-100-114-telemetry.test.js > SPEC-100-114 Telemetry Suite — shape contract > 'SPEC-114' 'Load Performance' records elapsed time 0ms
 ✓ tests/regression/SPEC-100-114-telemetry.test.js > SPEC-100 Monotony Detector — signal firing > NARRATION_REPEAT fires when narrations repeat 0ms
 ✓ tests/regression/SPEC-100-114-telemetry.test.js > SPEC-100 Monotony Detector — signal firing > TACTIC_STUCK fires when same tactic 20 weeks 0ms
 ✓ tests/regression/SPEC-100-114-telemetry.test.js > SPEC-100 Monotony Detector — signal firing > clean state has no signals 0ms
 ✓ tests/regression/SPEC-100-114-telemetry.test.js > SPEC-101 Balance Audit — division/economy > reads matchOutcomes 0ms
 ✓ tests/regression/SPEC-100-114-telemetry.test.js > SPEC-102 Fun Score — composite metric > high variance + events = higher fun 0ms
 ✓ tests/regression/SPEC-100-114-telemetry.test.js > SPEC-103 Decision Impact — counterfactual > handles decisions array 0ms
 ✓ tests/regression/SPEC-100-114-telemetry.test.js > SPEC-104 Critical Path Map — view heatmap > detects view drought 0ms
 ✓ tests/regression/SPEC-100-114-telemetry.test.js > SPEC-105 Narrative Coverage — deck reuse > low coverage triggers signal 0ms
 ✓ tests/regression/SPEC-100-114-telemetry.test.js > SPEC-106 Emotional Arc — peaks/valleys > flat season detects 0ms
 ✓ tests/regression/SPEC-100-114-telemetry.test.js > SPEC-107 Player Identity — top scorer surfacing > reads playerCareer 0ms
 ✓ tests/regression/SPEC-100-114-telemetry.test.js > SPEC-108 Rivalry Emergence — recurrent opponents > reads matchOutcomes with opponent 0ms
 ✓ tests/regression/SPEC-100-114-telemetry.test.js > SPEC-109 Economy Flow — inflow/outflow > reads weeklyFinances 0ms
 ✓ tests/regression/SPEC-100-114-telemetry.test.js > SPEC-110 Progression Curve — squad OVR over seasons > reads squadOvrBySeason 0ms
 ✓ tests/regression/SPEC-100-114-telemetry.test.js > SPEC-111 Market Liquidity — offers/transfers > reads offers + transfers 0ms
 ✓ tests/regression/SPEC-100-114-telemetry.test.js > SPEC-112 Session Length — ticks per sim day > reads weeksPlayed + elapsedMs 0ms
 ✓ tests/regression/SPEC-100-114-telemetry.test.js > SPEC-113 Tutorial Funnel — drop rate > reads tutorialSteps + counts 0ms
 ✓ tests/regression/SPEC-100-114-telemetry.test.js > SPEC-114 Load Performance — FPS/render > reads frame timings 0ms
 ✓ tests/regression/SPEC-100-114-telemetry.test.js > TelemetryAggregator — orchestration > instantiates without engine 0ms
 ✓ tests/regression/SPEC-100-114-telemetry.test.js > TelemetryAggregator — orchestration > scan() returns 15 detector results 5ms
 ✓ tests/regression/SPEC-100-114-telemetry.test.js > TelemetryAggregator — orchestration > history ring buffer respects MAX_HISTORY 0ms
 ✓ tests/regression/SPEC-100-114-telemetry.test.js > TelemetryAggregator — orchestration > scan handles malformed engine state 0ms
 ✓ tests/regression/SPEC-100-114-telemetry.test.js > _utils.js — helpers > clamp 0ms
 ✓ tests/regression/SPEC-100-114-telemetry.test.js > _utils.js — helpers > avg 0ms
 ✓ tests/regression/SPEC-100-114-telemetry.test.js > _utils.js — helpers > stdDev 0ms
 ✓ tests/regression/SPEC-100-114-telemetry.test.js > _utils.js — helpers > percentile 0ms
 ✓ tests/regression/SPEC-100-114-telemetry.test.js > _utils.js — helpers > gini 0ms
 ✓ tests/regression/SPEC-100-114-telemetry.test.js > _utils.js — helpers > buildResult shape 0ms
 ✓ tests/regression/SPEC-100-114-telemetry.test.js > _utils.js — helpers > buildResult filters zero severity 0ms
 ✓ tests/regression/BUG-026-029-autoplay.test.js > BUG-027 — TRAINING_ROTATION uses engine catalog > all training IDs in rotation are valid engine TRAINING_TYPES 70ms
 ✓ tests/regression/BUG-026-029-autoplay.test.js > BUG-027 — TRAINING_ROTATION uses engine catalog > engine.doTraining accepts every rotation entry 60ms
 ✓ tests/engine.test.js > BUG-006: sellPlayer > engine deve ter o método sellPlayer 168ms
 ✓ tests/engine.test.js > BUG-006: sellPlayer > deve vender jogador reserva com sucesso 54ms
 ✓ tests/engine.test.js > BUG-006: sellPlayer > deve rejeitar venda de titular 43ms
 ✓ tests/integration/marl-e2e.test.js > MARL E2E Integration > Fase 6: Multi-Agent Integration > each NPC brain has unique personality 62ms
 ✓ tests/integration/marl-e2e.test.js > MARL E2E Integration > Fase 6: Multi-Agent Integration > NPC brains have EmotionalEngine attached 77ms
 ✓ tests/unit/thompson-bandit.test.js > betaSample > returns values in (0, 1) 6ms
 ✓ tests/unit/thompson-bandit.test.js > betaSample > high alpha → samples skew toward 1 1ms
 ✓ tests/unit/thompson-bandit.test.js > betaSample > high beta → samples skew toward 0 1ms
 ✓ tests/unit/thompson-bandit.test.js > betaSample > equal params → mean near 0.5 0ms
 ✓ tests/unit/thompson-bandit.test.js > betaSample > handles shape < 1 (Jöhnk boost) 11ms
 ✓ tests/unit/thompson-bandit.test.js > ThompsonBandit > constructs with correct defaults 4ms
 ✓ tests/unit/thompson-bandit.test.js > ThompsonBandit > pick() returns one of the available actions 3ms
 ✓ tests/unit/thompson-bandit.test.js > ThompsonBandit > pick() with single action returns it directly 2ms
 ✓ tests/unit/thompson-bandit.test.js > ThompsonBandit > pick() with empty actions returns null 4ms
 ✓ tests/unit/thompson-bandit.test.js > ThompsonBandit > pick() accepts overridden actions 1ms
 ✓ tests/unit/thompson-bandit.test.js > ThompsonBandit > update() creates arms for context 1ms
 ✓ tests/unit/thompson-bandit.test.js > ThompsonBandit > positive reward increases alpha 0ms
 ✓ tests/unit/thompson-bandit.test.js > ThompsonBandit > negative reward increases beta 6ms
 ✓ tests/unit/thompson-bandit.test.js > ThompsonBandit > zero reward does not change params 0ms
 ✓ tests/unit/thompson-bandit.test.js > ThompsonBandit > reward magnitude is capped at 5 0ms
 ✓ tests/unit/thompson-bandit.test.js > ThompsonBandit > alpha/beta are capped at 500 2ms
 ✓ tests/unit/thompson-bandit.test.js > ThompsonBandit > converges: after many updates, picks best arm more often 5ms
 ✓ tests/unit/thompson-bandit.test.js > ThompsonBandit > explores uncertain arms initially 3ms
 ✓ tests/unit/thompson-bandit.test.js > ThompsonBandit > different contexts have independent arms 2ms
 ✓ tests/unit/thompson-bandit.test.js > ThompsonBandit > warmStart() sets prior correctly 0ms
 ✓ tests/unit/thompson-bandit.test.js > ThompsonBandit > warmStart() biases picks toward high-confidence arm 0ms
 ✓ tests/unit/thompson-bandit.test.js > ThompsonBandit > getRate() returns prior rate for unknown 0ms
 ✓ tests/unit/thompson-bandit.test.js > ThompsonBandit > getRanking() returns sorted arms 0ms
 ✓ tests/unit/thompson-bandit.test.js > ThompsonBandit > summary() returns correct structure 0ms
 ✓ tests/unit/thompson-bandit.test.js > ThompsonBandit > reset() clears all state 0ms
 ✓ tests/unit/thompson-bandit.test.js > ThompsonBandit > prunes contexts when exceeding MAX_CONTEXTS 13ms
 ✓ tests/regression/BUG-026-029-autoplay.test.js > BUG-026b — match counting from weekResults shape > weekResults is keyed by tournamentId, not { matches } 69ms
 ✓ tests/regression/BUG-026-029-autoplay.test.js > BUG-029 — TRAIN frequency cap > AutoPlay TRAIN throttle reduces from 100% to ~33% 0ms
 ✓ tests/regression/BUG-026-029-autoplay.test.js > BUG-031 — TACTIC_STUCK dedupe > TACTIC_STUCK fires at most once per 38 weeks 0ms
 ✓ tests/engine.test.js > BUG-006: sellPlayer > deve rejeitar jogador inexistente 19ms
 ✓ tests/engine.test.js > Training feedback — applyTraining returns improvements > deve retornar array improvements 63ms
 ✓ tests/characterization/save-roundtrip.test.js > Save round-trip preservation (RFCT-002) > class instance fields skipped (staff/board/legacy) 136ms
 ✓ tests/specs/SPEC-eventTemplates.test.js > Event Templates — vocabulário (SPEC-049 Camada 2) > TEMPLATES_COUNT >= 60 (v1.0.7 MVP, target 80 v1.0.7.1) 2ms
 ✓ tests/specs/SPEC-eventTemplates.test.js > Event Templates — vocabulário (SPEC-049 Camada 2) > EVENT_TEMPLATES é frozen (immutability) 0ms
 ✓ tests/specs/SPEC-eventTemplates.test.js > Event Templates — vocabulário (SPEC-049 Camada 2) > todos templates têm id único 0ms
 ✓ tests/specs/SPEC-eventTemplates.test.js > Event Templates — vocabulário (SPEC-049 Camada 2) > todos templates têm type válido 2ms
 ✓ tests/specs/SPEC-eventTemplates.test.js > Event Templates — vocabulário (SPEC-049 Camada 2) > todos templates têm tags válidas (vocab fixo) 3ms
 ✓ tests/specs/SPEC-eventTemplates.test.js > Event Templates — vocabulário (SPEC-049 Camada 2) > todos templates têm headline string com slot pattern 1ms
 ✓ tests/specs/SPEC-eventTemplates.test.js > Event Templates — vocabulário (SPEC-049 Camada 2) > cobertura por tipo: cada EVENT_TYPE tem ≥3 templates (variedade narrativa) 0ms
 ✓ tests/specs/SPEC-eventTemplates.test.js > Event Templates — lookup helpers > getEventTemplate retorna template by id 0ms
 ✓ tests/specs/SPEC-eventTemplates.test.js > Event Templates — lookup helpers > getEventTemplate retorna null para id inválido 0ms
 ✓ tests/specs/SPEC-eventTemplates.test.js > Event Templates — lookup helpers > getTemplatesByType filtra por tipo 0ms
 ✓ tests/specs/SPEC-eventTemplates.test.js > Event Templates — lookup helpers > pickRandomTemplate determinístico com seed 0ms
 ✓ tests/specs/SPEC-eventTemplates.test.js > NarrativeService — appendEventFromTemplate > aplica defaults do template 1ms
 ✓ tests/specs/SPEC-eventTemplates.test.js > NarrativeService — appendEventFromTemplate > rejeita templateId inválido 0ms
 ✓ tests/specs/SPEC-eventTemplates.test.js > NarrativeService — appendEventFromTemplate > slot ausente vira [chave] 0ms
 ✓ tests/specs/SPEC-eventTemplates.test.js > NarrativeService — appendEventFromTemplate > appendRandomEvent escolhe template + cria event 0ms
 ✓ tests/characterization/save-roundtrip.test.js > Save round-trip preservation (RFCT-002) > round-trip preserves teams structure (deep) 233ms
 ✓ tests/integration/marl-e2e.test.js > MARL E2E Integration > Fase 6: Multi-Agent Integration > npcTacticDecision returns valid tactic 30ms
 ✓ tests/integration/marl-e2e.test.js > MARL E2E Integration > Fase 6: Multi-Agent Integration > npcFeedMatchResult does not throw 66ms
 ✓ tests/integration/system-integration.test.js > System Integration: startNewSeason hooks > SPEC-082: chronicle is generated at season end 1059ms
 ✓ tests/unit/learned-goal-relevance.test.js > LearnedGoalRelevance > Initialization > warm-starts from hardcoded priors 4ms
 ✓ tests/unit/learned-goal-relevance.test.js > LearnedGoalRelevance > Initialization > has alpha/beta for each goal-action pair 0ms
 ✓ tests/unit/learned-goal-relevance.test.js > LearnedGoalRelevance > getRelevance > returns a value in [-1, 1] range 1ms
 ✓ tests/unit/learned-goal-relevance.test.js > LearnedGoalRelevance > getRelevance > returns near-zero for unknown pairs 0ms
 ✓ tests/unit/learned-goal-relevance.test.js > LearnedGoalRelevance > getMeanRelevance > returns expected mean for warm-started pairs 0ms
 ✓ tests/unit/learned-goal-relevance.test.js > LearnedGoalRelevance > getMeanRelevance > returns 0 for unknown pairs 0ms
 ✓ tests/unit/learned-goal-relevance.test.js > LearnedGoalRelevance > update > increases alpha on positive outcome 0ms
 ✓ tests/unit/learned-goal-relevance.test.js > LearnedGoalRelevance > update > increases beta on negative outcome 0ms
 ✓ tests/unit/learned-goal-relevance.test.js > LearnedGoalRelevance > update > handles continuous rewards 0ms
 ✓ tests/unit/learned-goal-relevance.test.js > LearnedGoalRelevance > update > creates new pairs for unknown goal-action 0ms
 ✓ tests/unit/learned-goal-relevance.test.js > LearnedGoalRelevance > update > decays distribution when too concentrated 0ms
 ✓ tests/unit/learned-goal-relevance.test.js > LearnedGoalRelevance > Convergence > learns that positive actions are more relevant over time 0ms
 ✓ tests/unit/learned-goal-relevance.test.js > LearnedGoalRelevance > Persistence > saves and restores state 0ms
 ✓ tests/unit/learned-goal-relevance.test.js > LearnedGoalRelevance > reset > clears and re-initializes from priors 0ms
 ✓ tests/unit/learned-goal-relevance.test.js > LearnedGoalRelevance > summary > returns structured summary 0ms
 ✓ tests/engine.test.js > Training feedback — applyTraining returns improvements > improvements devem conter name e changes 81ms
 ✓ tests/engine.test.js > Training feedback — applyTraining returns improvements > msg deve conter 📈 quando há melhorias 83ms
 ✓ tests/specs/SPEC-134-growth-event-system.test.js > SPEC-134: GrowthEventSystem > youth breakthrough only for age < 21 3ms
 ✓ tests/specs/SPEC-134-growth-event-system.test.js > SPEC-134: GrowthEventSystem > youth breakthrough never for age ≥ 21 0ms
 ✓ tests/specs/SPEC-134-growth-event-system.test.js > SPEC-134: GrowthEventSystem > hot streak only when team has 5+ consecutive wins 0ms
 ✓ tests/specs/SPEC-134-growth-event-system.test.js > SPEC-134: GrowthEventSystem > hot streak is permanent=false 0ms
 ✓ tests/specs/SPEC-134-growth-event-system.test.js > SPEC-134: GrowthEventSystem > peak season only for age 23-27 with ≥15 games 1ms
 ✓ tests/specs/SPEC-134-growth-event-system.test.js > SPEC-134: GrowthEventSystem > decline only for age ≥ 32 1ms
 ✓ tests/specs/SPEC-134-growth-event-system.test.js > SPEC-134: GrowthEventSystem > OVR never exceeds 99 or falls below 30 1ms
 ✓ tests/specs/SPEC-134-growth-event-system.test.js > SPEC-134: GrowthEventSystem > no duplicate event type per player per call 0ms
 ✓ tests/specs/SPEC-134-growth-event-system.test.js > SPEC-134: GrowthEventSystem > newSquadOvrAvg is computed from current squad 0ms
 ✓ tests/unit/learned-emotional-modifiers.test.js > LearnedEmotionalModifiers > State Encoding > encodes emotional state + context into compact key 5ms
 ✓ tests/unit/learned-emotional-modifiers.test.js > LearnedEmotionalModifiers > State Encoding > handles different position tiers 0ms
 ✓ tests/unit/learned-emotional-modifiers.test.js > LearnedEmotionalModifiers > State Encoding > handles different balance tiers 0ms
 ✓ tests/unit/learned-emotional-modifiers.test.js > LearnedEmotionalModifiers > State Encoding > handles season phases 0ms
 ✓ tests/unit/learned-emotional-modifiers.test.js > LearnedEmotionalModifiers > State Encoding > handles empty context gracefully 0ms
 ✓ tests/unit/learned-emotional-modifiers.test.js > LearnedEmotionalModifiers > Response Selection > returns valid response with modifiers 0ms
 ✓ tests/unit/learned-emotional-modifiers.test.js > LearnedEmotionalModifiers > Response Selection > explores when no Q-values exist for state 0ms
 ✓ tests/unit/learned-emotional-modifiers.test.js > LearnedEmotionalModifiers > SARSA Updates > first observe only records state-action pair 0ms
 ✓ tests/unit/learned-emotional-modifiers.test.js > LearnedEmotionalModifiers > SARSA Updates > second observe triggers SARSA update 0ms
 ✓ tests/unit/learned-emotional-modifiers.test.js > LearnedEmotionalModifiers > SARSA Updates > updates Q-values with positive reward 0ms
 ✓ tests/unit/learned-emotional-modifiers.test.js > LearnedEmotionalModifiers > SARSA Updates > updates Q-values with negative reward 0ms
 ✓ tests/unit/learned-emotional-modifiers.test.js > LearnedEmotionalModifiers > Eligibility Traces > creates traces during updates 0ms
 ✓ tests/unit/learned-emotional-modifiers.test.js > LearnedEmotionalModifiers > Eligibility Traces > clears traces on episode boundary 0ms
 ✓ tests/unit/learned-emotional-modifiers.test.js > LearnedEmotionalModifiers > Eligibility Traces > traces decay over time 0ms
 ✓ tests/unit/learned-emotional-modifiers.test.js > LearnedEmotionalModifiers > Convergence > learns to prefer high-reward responses over many episodes 0ms
 ✓ tests/unit/learned-emotional-modifiers.test.js > LearnedEmotionalModifiers > Persistence > saves and restores Q-table 0ms
 ✓ tests/unit/learned-emotional-modifiers.test.js > LearnedEmotionalModifiers > Persistence > reset clears everything 0ms
 ✓ tests/unit/learned-emotional-modifiers.test.js > LearnedEmotionalModifiers > Analytics > tracks preferred response per emotional state 0ms
 ✓ tests/unit/learned-emotional-modifiers.test.js > LearnedEmotionalModifiers > Analytics > summary reports state count and trace count 0ms
 ✓ tests/unit/learned-emotional-modifiers.test.js > LearnedEmotionalModifiers > State Table Bounding > keeps Q-table under MAX_STATES entries 4ms
 ✓ tests/unit/learned-emotional-modifiers.test.js > EmotionalEngine + SARSA Integration > creates SARSA modifier learner on construction 0ms
 ✓ tests/unit/learned-emotional-modifiers.test.js > EmotionalEngine + SARSA Integration > returns hardcoded modifiers when SARSA has no data 0ms
 ✓ tests/unit/learned-emotional-modifiers.test.js > EmotionalEngine + SARSA Integration > uses SARSA modifiers after sufficient training 0ms
 ✓ tests/unit/learned-emotional-modifiers.test.js > EmotionalEngine + SARSA Integration > setContext stores game context 0ms
 ✓ tests/unit/learned-emotional-modifiers.test.js > EmotionalEngine + SARSA Integration > feedReward feeds SARSA after training 0ms
 ✓ tests/unit/learned-emotional-modifiers.test.js > EmotionalEngine + SARSA Integration > clearSarsaTraces resets SARSA episode 0ms
 ✓ tests/unit/learned-emotional-modifiers.test.js > EmotionalEngine + SARSA Integration > summary includes SARSA stats 0ms
 ✓ tests/unit/learned-emotional-modifiers.test.js > EmotionalEngine + SARSA Integration > FSM transitions still work correctly 0ms
 ✓ tests/unit/learned-emotional-modifiers.test.js > EmotionalEngine + SARSA Integration > emotional state affects SARSA state encoding 1ms
 ✓ tests/integration/marl-e2e.test.js > MARL E2E Integration > Fase 6: Multi-Agent Integration > buildNpcStateCtx returns valid context 98ms
 ✓ tests/integration/marl-e2e.test.js > MARL E2E Integration > Fase 6: Multi-Agent Integration > countStreak works correctly 70ms
 ✓ tests/specs/SPEC-025-aging.test.js > SPEC-025: Advanced Player Aging > Young (16-21): growth occurs 4ms
 ✓ tests/specs/SPEC-025-aging.test.js > SPEC-025: Advanced Player Aging > Prime (25-30): mostly stable 1ms
 ✓ tests/specs/SPEC-025-aging.test.js > SPEC-025: Advanced Player Aging > Declining (33-36): decline events 1ms
 ✓ tests/specs/SPEC-025-aging.test.js > SPEC-025: Advanced Player Aging > ageSquad ages all 0ms
 ✓ tests/specs/SPEC-025-aging.test.js > SPEC-025: Advanced Player Aging > Old age can retire 1ms
 ✓ tests/specs/SPEC-025-aging.test.js > SPEC-025: Advanced Player Aging > Caps maintained (attrs 20-99) 1ms
 ✓ tests/specs/SPEC-025-aging.test.js > SPEC-025: Advanced Player Aging > Personality affects growth 2ms
 ✓ tests/specs/SPEC-025-aging.test.js > SPEC-025: Advanced Player Aging > Decline first hits physical/technical/defensive (never mental CRI) 7ms
 ✓ tests/specs/SPEC-081-filhos-regen-system.test.js > SPEC-081: Filhos Regen System > no regen in season < 4 2ms
 ✓ tests/specs/SPEC-081-filhos-regen-system.test.js > SPEC-081: Filhos Regen System > no regen if season not divisible by 4 0ms
 ✓ tests/specs/SPEC-081-filhos-regen-system.test.js > SPEC-081: Filhos Regen System > regen available when conditions met (seed forces spawn) 0ms
 ✓ tests/specs/SPEC-081-filhos-regen-system.test.js > SPEC-081: Filhos Regen System > regen inherits surname from companion 0ms
 ✓ tests/specs/SPEC-081-filhos-regen-system.test.js > SPEC-081: Filhos Regen System > regen has valid age (16-18) 0ms
 ✓ tests/specs/SPEC-081-filhos-regen-system.test.js > SPEC-081: Filhos Regen System > regen has loreDescription 0ms
 ✓ tests/specs/SPEC-081-filhos-regen-system.test.js > SPEC-081: Filhos Regen System > no eligible companions → no regen 0ms
 ✓ tests/regression/BUG-015.test.js > BUG-015 regression: MatchView filters null-safe > No unsafe e.minute filters 2ms
 ✓ tests/regression/BUG-015.test.js > BUG-015 regression: MatchView filters null-safe > No unsafe e.text filters 1ms
 ✓ tests/regression/BUG-015.test.js > BUG-015 regression: MatchView filters null-safe > Filter pattern handles undefined entries 1ms
 ✓ tests/regression/BUG-015.test.js > BUG-015 regression: MatchView filters null-safe > events?.home?.filter null-safe pattern 0ms
 ✓ tests/regression/BUG-015.test.js > BUG-015 regression: MatchView filters null-safe > events.textLog || [] handles undefined 0ms
 ✓ tests/specs/SPEC-080-rivalry-upgrade-system.test.js > SPEC-080: Rivalry Upgrade System > no history → rivalryScore 0 2ms
 ✓ tests/specs/SPEC-080-rivalry-upgrade-system.test.js > SPEC-080: Rivalry Upgrade System > criticalCount counts only decisive matches 0ms
 ✓ tests/specs/SPEC-080-rivalry-upgrade-system.test.js > SPEC-080: Rivalry Upgrade System > rivalryScore increases with total matches 0ms
 ✓ tests/specs/SPEC-080-rivalry-upgrade-system.test.js > SPEC-080: Rivalry Upgrade System > namedRivalry true when rivalryScore ≥ 40 0ms
 ✓ tests/specs/SPEC-080-rivalry-upgrade-system.test.js > SPEC-080: Rivalry Upgrade System > classico_eterno arc at 10+ balanced matches 0ms
 ✓ tests/specs/SPEC-080-rivalry-upgrade-system.test.js > SPEC-080: Rivalry Upgrade System > batalha_das_geracoes arc at 20+ balanced matches 0ms
 ✓ tests/specs/SPEC-080-rivalry-upgrade-system.test.js > SPEC-080: Rivalry Upgrade System > dominio_absoluto when one side wins 70%+ (fewer than 10 matches) 0ms
 ✓ tests/specs/SPEC-080-rivalry-upgrade-system.test.js > SPEC-080: Rivalry Upgrade System > confronto_titulo when both in title race 0ms
 ✓ tests/specs/SPEC-080-rivalry-upgrade-system.test.js > SPEC-080: Rivalry Upgrade System > h2h stats are correct 0ms
 ✓ tests/specs/SPEC-080-rivalry-upgrade-system.test.js > SPEC-080: Rivalry Upgrade System > markCritical sets isDecisive=true 0ms
 ✓ tests/integration/marl-e2e.test.js > MARL E2E Integration > Fase 6: Multi-Agent Integration > shouldUseFullBrain filters by division proximity 78ms
 ✓ tests/integration/marl-e2e.test.js > MARL E2E Integration > Fase 6: Multi-Agent Integration > AIDirector tick returns valid modifiers 74ms
 ✓ tests/regression/SPEC-080-positions.test.js > SPEC-080 18-Position Taxonomy (BR) > exactly 18 positions defined 2ms
 ✓ tests/regression/SPEC-080-positions.test.js > SPEC-080 18-Position Taxonomy (BR) > all primary codes are BR Portuguese 1ms
 ✓ tests/regression/SPEC-080-positions.test.js > SPEC-080 18-Position Taxonomy (BR) > every position has BR + EN names 1ms
 ✓ tests/regression/SPEC-080-positions.test.js > SPEC-080 18-Position Taxonomy (BR) > EN_TO_BR + BR_TO_EN reciprocal mapping 0ms
 ✓ tests/regression/SPEC-080-positions.test.js > SPEC-080 18-Position Taxonomy (BR) > macro distribution: 1 GOL, 7 DEF, 7 MEI, 3 ATA 0ms
 ✓ tests/regression/SPEC-080-positions.test.js > SPEC-080 18-Position Taxonomy (BR) > position fit: natural = 1.0 0ms
 ✓ tests/regression/SPEC-080-positions.test.js > SPEC-080 18-Position Taxonomy (BR) > position fit: family member = 0.85 0ms
 ✓ tests/regression/SPEC-080-positions.test.js > SPEC-080 18-Position Taxonomy (BR) > position fit: adjacent family = 0.6 0ms
 ✓ tests/regression/SPEC-080-positions.test.js > SPEC-080 18-Position Taxonomy (BR) > position fit: distant = 0.3 0ms
 ✓ tests/regression/SPEC-080-positions.test.js > SPEC-080 18-Position Taxonomy (BR) > rating for position uses pentagon weights 0ms
 ✓ tests/regression/SPEC-080-positions.test.js > SPEC-080 18-Position Taxonomy (BR) > effective rating respects fit 0ms
 ✓ tests/regression/SPEC-080-positions.test.js > SPEC-080 18-Position Taxonomy (BR) > legacy migration: GOL → GOL 0ms
 ✓ tests/regression/SPEC-080-positions.test.js > SPEC-080 18-Position Taxonomy (BR) > legacy migration: ATA returns valid forward BR 1ms
 ✓ tests/regression/SPEC-080-positions.test.js > SPEC-080 18-Position Taxonomy (BR) > SofaScore mapping uses BR codes 0ms
 ✓ tests/regression/SPEC-080-positions.test.js > SPEC-080 18-Position Taxonomy (BR) > macro position helper 0ms
 ✓ tests/regression/SPEC-080-positions.test.js > SPEC-080 18-Position Taxonomy (BR) > all families are referenced (BR) 0ms
 ✓ tests/regression/UX-overhaul.test.js > UX overhaul P0-P2: regressions > P0-1: MatchView dedupe via key (minute, text) 2ms
 ✓ tests/regression/UX-overhaul.test.js > UX overhaul P0-P2: regressions > P0-2: Scoreboard fallback final score 0ms
 ✓ tests/regression/UX-overhaul.test.js > UX overhaul P0-P2: regressions > P0-4: Goal animation CSS keyframes 1ms
 ✓ tests/regression/UX-overhaul.test.js > UX overhaul P0-P2: regressions > P1-5: Narração tem 10+ templates por categoria 0ms
 ✓ tests/regression/UX-overhaul.test.js > UX overhaul P0-P2: regressions > P1-6: Sound utility functions exposed 0ms
 ✓ tests/regression/UX-overhaul.test.js > UX overhaul P0-P2: regressions > P1-7: Tooltips em stats (Help component v1.0) 0ms
 ✓ tests/regression/UX-overhaul.test.js > UX overhaul P0-P2: regressions > P1-8: Filter/sort em SquadView 0ms
 ✓ tests/regression/UX-overhaul.test.js > UX overhaul P0-P2: regressions > P1-9: Search box SquadView + MarketView 0ms
 ✓ tests/regression/UX-overhaul.test.js > UX overhaul P0-P2: regressions > P2-10: Avatar iniciais util funcional 1ms
 ✓ tests/regression/UX-overhaul.test.js > UX overhaul P0-P2: regressions > P2-11: Pos-badge CSS classes 0ms
 ✓ tests/regression/UX-overhaul.test.js > UX overhaul P0-P2: regressions > P2-12: Mobile responsive media queries 0ms
 ✓ tests/regression/UX-overhaul.test.js > UX overhaul P0-P2: regressions > P2-13: Save manual + sound toggle + reset em App 0ms
 ✓ tests/specs/SPEC-009-youth-academy.test.js > SPEC-009: Youth Academy > Youth coordinator defined 7ms
 ✓ tests/specs/SPEC-009-youth-academy.test.js > SPEC-009: Youth Academy > Generates 1+ youngsters 1ms
 ✓ tests/specs/SPEC-009-youth-academy.test.js > SPEC-009: Youth Academy > Youngsters age 15-17 2ms
 ✓ tests/specs/SPEC-009-youth-academy.test.js > SPEC-009: Youth Academy > Youngsters marked isYouth 0ms
 ✓ tests/specs/SPEC-009-youth-academy.test.js > SPEC-009: Youth Academy > Have potential >= ovr 0ms
 ✓ tests/specs/SPEC-009-youth-academy.test.js > SPEC-009: Youth Academy > Higher academy level → more youngsters 1ms
 ✓ tests/specs/SPEC-009-youth-academy.test.js > SPEC-009: Youth Academy > Upgrade cost progressive 0ms
 ✓ tests/specs/SPEC-009-youth-academy.test.js > SPEC-009: Youth Academy > Loan blocks titulares 0ms
 ✓ tests/specs/SPEC-029-achievements.test.js > SPEC-029: Achievements System > 25+ achievements defined 3ms
 ✓ tests/specs/SPEC-029-achievements.test.js > SPEC-029: Achievements System > Milestones defined 0ms
 ✓ tests/specs/SPEC-029-achievements.test.js > SPEC-029: Achievements System > Each achievement has reward + rarity 1ms
 ✓ tests/specs/SPEC-029-achievements.test.js > SPEC-029: Achievements System > Unlock returns achievement 0ms
 ✓ tests/specs/SPEC-029-achievements.test.js > SPEC-029: Achievements System > No duplicate unlock 0ms
 ✓ tests/specs/SPEC-029-achievements.test.js > SPEC-029: Achievements System > Points accumulate 0ms
 ✓ tests/specs/SPEC-029-achievements.test.js > SPEC-029: Achievements System > Progress tracked 0-100 0ms
 ✓ tests/specs/SPEC-029-achievements.test.js > SPEC-029: Achievements System > Progress capped 100 0ms
 ✓ tests/specs/SPEC-029-achievements.test.js > SPEC-029: Achievements System > Auto unlock via checkAchievements 0ms
 ✓ tests/specs/SPEC-029-achievements.test.js > SPEC-029: Achievements System > Get achievements list 0ms
 ✓ tests/integration/marl-e2e.test.js > MARL E2E Integration > Fase 6: Multi-Agent Integration > AIDirector serializes and restores 79ms
 ✓ tests/specs/SPEC-131-npc-tactic-advisor.test.js > SPEC-131: NpcTacticAdvisor > 3 losses → pivot triggered ≥70% of time 2ms
 ✓ tests/specs/SPEC-131-npc-tactic-advisor.test.js > SPEC-131: NpcTacticAdvisor > 5 losses → pivot triggered ≥95% of time 0ms
 ✓ tests/specs/SPEC-131-npc-tactic-advisor.test.js > SPEC-131: NpcTacticAdvisor > new tactic ≠ current losing tactic 2ms
 ✓ tests/specs/SPEC-131-npc-tactic-advisor.test.js > SPEC-131: NpcTacticAdvisor > stabilizes after 2 wins — no change 0ms
 ✓ tests/specs/SPEC-131-npc-tactic-advisor.test.js > SPEC-131: NpcTacticAdvisor > OVR underdog (-10) → prefers defensive or counter 4ms
 ✓ tests/specs/SPEC-131-npc-tactic-advisor.test.js > SPEC-131: NpcTacticAdvisor > OVR dominant (+10) → prefers offensive or pressing 8ms
 ✓ tests/specs/SPEC-131-npc-tactic-advisor.test.js > SPEC-131: NpcTacticAdvisor > determinism: same input + seed → same output 0ms
 ✓ tests/specs/SPEC-131-npc-tactic-advisor.test.js > SPEC-131: NpcTacticAdvisor > recordNpcResult + applyNpcTacticAdvice update state correctly 0ms
 ✓ tests/specs/SPEC-131-npc-tactic-advisor.test.js > SPEC-131: NpcTacticAdvisor > no changes when 0 losses 0ms
 ✓ tests/static-checks.test.js > BUG-003: SpeedRef pattern in MatchView > deve usar speedRef ao invés de speed no setInterval 2ms
 ✓ tests/static-checks.test.js > BUG-003: SpeedRef pattern in MatchView > deve sincronizar speedRef quando speed muda 0ms
 ✓ tests/static-checks.test.js > BUG-003: SpeedRef pattern in MatchView > deve ter tickerStateRef para restart 0ms
 ✓ tests/static-checks.test.js > BUG-004: Reset preStep/talkDone no fulltime > botão dashboard deve resetar preStep 0ms
 ✓ tests/static-checks.test.js > BUG-004: Reset preStep/talkDone no fulltime > botão dashboard deve resetar talkDone 0ms
 ✓ tests/static-checks.test.js > BUG-004: Reset preStep/talkDone no fulltime > reset deve estar na mesma linha do changeView(getDashboardView()) 0ms
 ✓ tests/static-checks.test.js > BUG-005: No dead imports in MarketView > não deve importar generateCounterOffer 0ms
 ✓ tests/static-checks.test.js > BUG-006: MarketView deve usar engine.sellPlayer > deve chamar engine.sellPlayer para vender 0ms
 ✓ tests/static-checks.test.js > BUG-006: MarketView deve usar engine.sellPlayer > não deve mutar team.squad diretamente 0ms
 ✓ tests/static-checks.test.js > Engine methods completeness > deve ter scoutRegionAction 0ms
 ✓ tests/static-checks.test.js > Engine methods completeness > deve ter signScoutedPlayer 0ms
 ✓ tests/static-checks.test.js > Engine methods completeness > deve ter sellPlayer 0ms
 ✓ tests/static-checks.test.js > Engine methods completeness > deve ter doScouting 0ms
 ✓ tests/static-checks.test.js > BUG-007: MarketView handleBuy não deve usar filter assignment > não deve reatribuir engine.marketPlayers via filter 0ms
 ✓ tests/static-checks.test.js > BUG-007: MarketView handleBuy não deve usar filter assignment > deve usar splice para remover do market 0ms
 ✓ tests/static-checks.test.js > BUG-008: SquadView handleSell via engine > deve usar engine.sellPlayer 0ms
 ✓ tests/static-checks.test.js > BUG-008: SquadView handleSell via engine > não deve mutar team.squad diretamente 0ms
 ✓ tests/static-checks.test.js > BUG-008: SquadView handleSell via engine > não deve mutar team.balance diretamente 0ms
 ✓ tests/static-checks.test.js > BUG-009: skipToEnd não duplica eventos > skipToEnd deve fazer merge ao invés de sobrescrever 0ms
 ✓ tests/static-checks.test.js > BUG-009: skipToEnd não duplica eventos > skipToEnd deve filtrar por startMin 0ms
 ✓ tests/specs/SPEC-ChronicleService.test.js > ChronicleService.generateSeasonChronicle > save vazio retorna estrutura mínima 2ms
 ✓ tests/specs/SPEC-ChronicleService.test.js > ChronicleService.generateSeasonChronicle > save null retorna string vazia 0ms
 ✓ tests/specs/SPEC-ChronicleService.test.js > ChronicleService.generateSeasonChronicle > inclui top events com narrativeWeight ≥ 3 0ms
 ✓ tests/specs/SPEC-ChronicleService.test.js > ChronicleService.generateSeasonChronicle > inclui open arcs 0ms
 ✓ tests/specs/SPEC-ChronicleService.test.js > ChronicleService.generateSeasonChronicle > inclui Hall de Lendas count 0ms
 ✓ tests/specs/SPEC-ChronicleService.test.js > ChronicleService.generateSeasonChronicle > inclui diretoria stats 0ms
 ✓ tests/specs/SPEC-ChronicleService.test.js > ChronicleService.generateLifetimeChronicle > save vazio retorna estrutura mínima 0ms
 ✓ tests/specs/SPEC-ChronicleService.test.js > ChronicleService.generateLifetimeChronicle > inclui ProPlayer career se existe 0ms
 ✓ tests/specs/SPEC-ChronicleService.test.js > ChronicleService.generateLifetimeChronicle > inclui manager career se existe 0ms
 ✓ tests/specs/SPEC-ChronicleService.test.js > ChronicleService.exportSaveJSON > exporta save como JSON string válido 1ms
 ✓ tests/specs/SPEC-ChronicleService.test.js > ChronicleService.exportSaveJSON > handles circular gracefully 0ms
 ✓ tests/specs/SPEC-ChronicleService.test.js > ChronicleService.getStatsSummary > retorna null sem save 0ms
 ✓ tests/specs/SPEC-ChronicleService.test.js > ChronicleService.getStatsSummary > counts em arrays do save 0ms
 ✓ tests/specs/SPEC-MythService.test.js > MythService — vocabulário fixo (SPEC-049 Camada 5) > MYTH_SLOTS contém 6 slots imutáveis 4ms
 ✓ tests/specs/SPEC-MythService.test.js > MythService — vocabulário fixo (SPEC-049 Camada 5) > INHERITABLE_TRAITS contém 4 traits imutáveis 1ms
 ✓ tests/specs/SPEC-MythService.test.js > MythService — vocabulário fixo (SPEC-049 Camada 5) > MYTH_SLOTS é frozen (anti-tampering) 0ms
 ✓ tests/specs/SPEC-MythService.test.js > MythService — getLegends > retorna [] para input null 0ms
 ✓ tests/specs/SPEC-MythService.test.js > MythService — getLegends > retorna [] para save sem myth.legends 0ms
 ✓ tests/specs/SPEC-MythService.test.js > MythService — getLegends > retorna copy de myth.legends 0ms
 ✓ tests/specs/SPEC-MythService.test.js > MythService — getHallOfFame > retorna hall vazio (null em todos slots) sem clubId 0ms
 ✓ tests/specs/SPEC-MythService.test.js > MythService — getHallOfFame > retorna hall vazio para clube sem dados 0ms
 ✓ tests/specs/SPEC-MythService.test.js > MythService — getHallOfFame > preenche slots existentes do clube 0ms
 ✓ tests/specs/SPEC-MythService.test.js > MythService — getHallOfFame > todos os 6 slots presentes mesmo com dados parciais 0ms
 ✓ tests/specs/SPEC-MythService.test.js > MythService — getRegenChildren > retorna [] sem regenLineage 0ms
 ✓ tests/specs/SPEC-MythService.test.js > MythService — getRegenChildren > retorna copy de regenLineage 0ms
 ✓ tests/specs/SPEC-MythService.test.js > MythService — getRegenChildren > aceita regenLineage em myth.regenLineage 0ms
 ✓ tests/specs/SPEC-MythService.test.js > MythService — helpers > isCanonized: false para playerId não em legends 0ms
 ✓ tests/specs/SPEC-MythService.test.js > MythService — helpers > isCanonized: true para playerId em legends 0ms
 ✓ tests/specs/SPEC-MythService.test.js > MythService — helpers > countHallSlots: 0 para hall vazio 0ms
 ✓ tests/specs/SPEC-MythService.test.js > MythService — helpers > countHallSlots: conta slots não-null 0ms
 ✓ tests/specs/SPEC-MythService.test.js > MythService — write placeholders (AKITA-RFCT-007) > addLegend é callable (placeholder) 1ms
 ✓ tests/specs/SPEC-MythService.test.js > MythService — write placeholders (AKITA-RFCT-007) > promoteToHallOfFame é callable (placeholder) 0ms
 ✓ tests/specs/SPEC-MythService.test.js > MythService — write placeholders (AKITA-RFCT-007) > generateRegenChild é callable (placeholder) 0ms
 ✓ tests/specs/SPEC-082-chronicle-system.test.js > SPEC-082: Chronicle System > chronicle is non-empty string 4ms
 ✓ tests/specs/SPEC-082-chronicle-system.test.js > SPEC-082: Chronicle System > title win → triumph mood 0ms
 ✓ tests/specs/SPEC-082-chronicle-system.test.js > SPEC-082: Chronicle System > title interpolated in chronicle 0ms
 ✓ tests/specs/SPEC-082-chronicle-system.test.js > SPEC-082: Chronicle System > promotion → rise mood 0ms
 ✓ tests/specs/SPEC-082-chronicle-system.test.js > SPEC-082: Chronicle System > relegation → fall mood 0ms
 ✓ tests/specs/SPEC-082-chronicle-system.test.js > SPEC-082: Chronicle System > worst loss ≥ 4 → shame mood 0ms
 ✓ tests/specs/SPEC-082-chronicle-system.test.js > SPEC-082: Chronicle System > top 40% position → solid mood 0ms
 ✓ tests/specs/SPEC-082-chronicle-system.test.js > SPEC-082: Chronicle System > mid-table → neutral mood 0ms
 ✓ tests/specs/SPEC-082-chronicle-system.test.js > SPEC-082: Chronicle System > season number returned 0ms
 ✓ tests/specs/SPEC-082-chronicle-system.test.js > SPEC-082: Chronicle System > clubName always appears in chronicle 0ms
 ✓ tests/specs/SPEC-RelationshipService.test.js > RelationshipService — vocabulário (SPEC-049 Camada 3) > RELATIONSHIP_RANGE imutável 2ms
 ✓ tests/specs/SPEC-RelationshipService.test.js > RelationshipService — vocabulário (SPEC-049 Camada 3) > THRESHOLDS imutável 0ms
 ✓ tests/specs/SPEC-RelationshipService.test.js > RelationshipService — reads > getRivalry retorna 0 default 0ms
 ✓ tests/specs/SPEC-RelationshipService.test.js > RelationshipService — reads > getRivalry symmetric (clubA-clubB === clubB-clubA) 0ms
 ✓ tests/specs/SPEC-RelationshipService.test.js > RelationshipService — reads > getCoachReputation retorna default 60 0ms
 ✓ tests/specs/SPEC-RelationshipService.test.js > RelationshipService — reads > getPresidentPatience retorna default 70 0ms
 ✓ tests/specs/SPEC-RelationshipService.test.js > RelationshipService — recordDerby > derby normal +5 rivalry 0ms
 ✓ tests/specs/SPEC-RelationshipService.test.js > RelationshipService — recordDerby > derby dramatic +10 rivalry 0ms
 ✓ tests/specs/SPEC-RelationshipService.test.js > RelationshipService — recordDerby > múltiplos derbys acumulam até 100 max 0ms
 ✓ tests/specs/SPEC-RelationshipService.test.js > RelationshipService — recordDerby > falha com clubId null 0ms
 ✓ tests/specs/SPEC-RelationshipService.test.js > RelationshipService — recordTransfer > transfer entre clubes sem rivalry: no-op (success mas sem mudança) 0ms
 ✓ tests/specs/SPEC-RelationshipService.test.js > RelationshipService — recordTransfer > transfer pra rival existente: +8 rivalry 0ms
 ✓ tests/specs/SPEC-RelationshipService.test.js > RelationshipService — recordTransfer > mesmo clube: rejeita 0ms
 ✓ tests/specs/SPEC-RelationshipService.test.js > RelationshipService — decayRivalry > decay aplica half-life 0ms
 ✓ tests/specs/SPEC-RelationshipService.test.js > RelationshipService — decayRivalry > decay não cai abaixo do floor quando inicialmente acima 0ms
 ✓ tests/specs/SPEC-RelationshipService.test.js > RelationshipService — manager↔presidente > adjustTrust dentro range -100..+100 0ms
 ✓ tests/specs/SPEC-RelationshipService.test.js > RelationshipService — manager↔presidente > adjustPatience dentro range 0..100 0ms
 ✓ tests/specs/SPEC-RelationshipService.test.js > RelationshipService — manager↔presidente > trust default 60, patience default 70 0ms
 ✓ tests/specs/SPEC-NarrativeService.test.js > NarrativeService — Camada 1 AGENTE > recordDecision adiciona em decisions 3ms
 ✓ tests/specs/SPEC-NarrativeService.test.js > NarrativeService — Camada 1 AGENTE > getDecisions retorna copy 0ms
 ✓ tests/specs/SPEC-NarrativeService.test.js > NarrativeService — Camada 2 EVENTUAL > appendEvent rejeita tipo inválido 0ms
 ✓ tests/specs/SPEC-NarrativeService.test.js > NarrativeService — Camada 2 EVENTUAL > appendEvent rejeita tags inválidas 6ms
 ✓ tests/specs/SPEC-NarrativeService.test.js > NarrativeService — Camada 2 EVENTUAL > appendEvent aceita tags válidas 0ms
 ✓ tests/specs/SPEC-NarrativeService.test.js > NarrativeService — Camada 2 EVENTUAL > appendEvent attribui half-life baseado no tipo 0ms
 ✓ tests/specs/SPEC-NarrativeService.test.js > NarrativeService — Camada 2 EVENTUAL > getDecayedEvents aplica decay sobre intensity 0ms
 ✓ tests/specs/SPEC-NarrativeService.test.js > NarrativeService — Camada 2 EVENTUAL > getDecayedEvents respeita floor 0ms
 ✓ tests/specs/SPEC-NarrativeService.test.js > NarrativeService — Camada 2 EVENTUAL > queryEvents filtra por tipo 0ms
 ✓ tests/specs/SPEC-NarrativeService.test.js > NarrativeService — Camada 2 EVENTUAL > queryEvents filtra por tag 0ms
 ✓ tests/specs/SPEC-NarrativeService.test.js > NarrativeService — Camada 3 RELACIONAL integration > getRelationalContext null sem RelationshipService 0ms
 ✓ tests/specs/SPEC-NarrativeService.test.js > NarrativeService — Camada 3 RELACIONAL integration > getRelationalContext consulta RelationshipService injected 0ms
 ✓ tests/specs/SPEC-NarrativeService.test.js > NarrativeService — Camada 4 NARRATIVA (arcos) > openArc cria arc novo 0ms
 ✓ tests/specs/SPEC-NarrativeService.test.js > NarrativeService — Camada 4 NARRATIVA (arcos) > openArc rejeita duplicate 0ms
 ✓ tests/specs/SPEC-NarrativeService.test.js > NarrativeService — Camada 4 NARRATIVA (arcos) > getOpenArcs retorna apenas status=open 0ms
 ✓ tests/specs/SPEC-NarrativeService.test.js > NarrativeService — Camada 4 NARRATIVA (arcos) > addMilestone push to arc.milestones 0ms
 ✓ tests/specs/SPEC-NarrativeService.test.js > NarrativeService — Camada 5 MITO integration > canonize delegates to MythService 0ms
 ✓ tests/specs/SPEC-NarrativeService.test.js > NarrativeService — Camada 5 MITO integration > canonize falha sem mythService injected 0ms
 ✓ tests/specs/SPEC-NarrativeService.test.js > NarrativeService — Camada 5 MITO integration > promoteToHall delegates to MythService 0ms
 ✓ tests/specs/SPEC-NarrativeService.test.js > NarrativeService — sem ciclos arquiteturais > NarrativeService → RelationshipService (one-way) 0ms
 ✓ tests/specs/SPEC-NarrativeService.test.js > NarrativeService — sem ciclos arquiteturais > NarrativeService → MythService (one-way) 0ms
 ✓ tests/specs/SPEC-003-player-development.test.js > SPEC-003: Player Development > Young player can grow 3ms
 ✓ tests/specs/SPEC-003-player-development.test.js > SPEC-003: Player Development > Old player can decline 1ms
 ✓ tests/specs/SPEC-003-player-development.test.js > SPEC-003: Player Development > Profissional grows more than Preguiçoso 1ms
 ✓ tests/specs/SPEC-003-player-development.test.js > SPEC-003: Player Development > ageSquad ages all players 0ms
 ✓ tests/specs/SPEC-003-player-development.test.js > SPEC-003: Player Development > updateForm modifies player form 0ms
 ✓ tests/specs/SPEC-003-player-development.test.js > SPEC-003: Player Development > getFormModifier returns multiplier 0ms
 ✓ tests/specs/SPEC-003-player-development.test.js > SPEC-003: Player Development > TACTIC_COUNTERS defined 0ms
 ✓ tests/specs/SPEC-003-player-development.test.js > SPEC-003: Player Development > Attributes capped at 99 0ms
 ✓ tests/regression/BUG-022.test.js > BUG-022 — All divisions process promo/relegation > real Brazilian rules: div 2 promotes top 4 and relegates bottom 4 2ms
 ✓ tests/regression/BUG-022.test.js > BUG-022 — All divisions process promo/relegation > div 1 only relegates bottom 4, never promotes above div 1 0ms
 ✓ tests/regression/BUG-022.test.js > BUG-022 — All divisions process promo/relegation > div 4 only promotes top 4, never relegates below div 4 0ms
 ✓ tests/regression/BUG-022.test.js > BUG-022 — All divisions process promo/relegation > getDivisionCounts returns correct counts per division 1ms
 ✓ tests/regression/BUG-022.test.js > BUG-022 — All divisions process promo/relegation > BUG-022: all 4 divs processed each season → div counts stay stable (20 teams each) 0ms
 ✓ tests/specs/SPEC-007-personality-traits.test.js > SPEC-007: Personality & Traits System > 15 traits defined 2ms
 ✓ tests/specs/SPEC-007-personality-traits.test.js > SPEC-007: Personality & Traits System > Each trait has id, name, rarity 1ms
 ✓ tests/specs/SPEC-007-personality-traits.test.js > SPEC-007: Personality & Traits System > rollTraits assigns 0-2 traits 0ms
 ✓ tests/specs/SPEC-007-personality-traits.test.js > SPEC-007: Personality & Traits System > Young player limited to 1 trait 0ms
 ✓ tests/specs/SPEC-007-personality-traits.test.js > SPEC-007: Personality & Traits System > hasTrait checks correctly 0ms
 ✓ tests/specs/SPEC-007-personality-traits.test.js > SPEC-007: Personality & Traits System > getPlayerTraits returns trait objects 0ms
 ✓ tests/specs/SPEC-007-personality-traits.test.js > SPEC-007: Personality & Traits System > getTraitMatchModifier returns 1.0 default 0ms
 ✓ tests/specs/SPEC-007-personality-traits.test.js > SPEC-007: Personality & Traits System > Clutch trait boosts performance late 0ms
 ✓ tests/regression/BUG-079.test.js > BUG-079 — Player immortality safety cap > player at age 43 is force-retired regardless of random outcome 3ms
 ✓ tests/regression/BUG-079.test.js > BUG-079 — Player immortality safety cap > player at age 42 always retires (retireChance = 8*0.15 = 1.2 > 1) 1ms
 ✓ tests/regression/BUG-079.test.js > BUG-079 — Player immortality safety cap > player at age 35 has ~15% weekly retire chance (not force-cap) 3ms
 ✓ tests/regression/BUG-079.test.js > BUG-079 — Player immortality safety cap > player at age 33 never hits retirement check 1ms
 ✓ tests/regression/BUG-079.test.js > BUG-079 — Player immortality safety cap > no player survives past age 42 in long simulation 0ms
 ✓ tests/specs/SPEC-002-events-deck.test.js > SPEC-002: Match Events Deck > drawCard returns event card or null 2ms
 ✓ tests/specs/SPEC-002-events-deck.test.js > SPEC-002: Match Events Deck > All 4 positions have decks 0ms
 ✓ tests/specs/SPEC-002-events-deck.test.js > SPEC-002: Match Events Deck > Decks are non-empty arrays 0ms
 ✓ tests/specs/SPEC-002-events-deck.test.js > SPEC-002: Match Events Deck > Multiple draws produce results 0ms
 ✓ tests/specs/SPEC-002-events-deck.test.js > SPEC-002: Match Events Deck > Invalid position returns null 0ms
 ✓ tests/specs/SPEC-002-events-deck.test.js > SPEC-002: Match Events Deck > Low renown excludes legendary cards 0ms
 ✓ tests/specs/SPEC-002-events-deck.test.js > SPEC-002: Match Events Deck > High renown allows all tiers 0ms
 ✓ tests/specs/SPEC-002-events-deck.test.js > SPEC-002: Match Events Deck > Doesnt throw on edge cases 1ms
 ✓ tests/specs/SPEC-076-humiliation-cascade-system.test.js > SPEC-076: Humiliation Cascade System > scoreDiff < 4 → level 0, no cascade 2ms
 ✓ tests/specs/SPEC-076-humiliation-cascade-system.test.js > SPEC-076: Humiliation Cascade System > scoreDiff=0 → level 0 0ms
 ✓ tests/specs/SPEC-076-humiliation-cascade-system.test.js > SPEC-076: Humiliation Cascade System > level 1: morale_collapse + press_hostility 1ms
 ✓ tests/specs/SPEC-076-humiliation-cascade-system.test.js > SPEC-076: Humiliation Cascade System > level 1: cascadeEvents not empty 0ms
 ✓ tests/specs/SPEC-076-humiliation-cascade-system.test.js > SPEC-076: Humiliation Cascade System > level 2: adds board_meeting with tensionDelta -15 0ms
 ✓ tests/specs/SPEC-076-humiliation-cascade-system.test.js > SPEC-076: Humiliation Cascade System > level 2: adds fan_protest 0ms
 ✓ tests/specs/SPEC-076-humiliation-cascade-system.test.js > SPEC-076: Humiliation Cascade System > level 3: manager_ultimatum tensionDelta -30 0ms
 ✓ tests/specs/SPEC-076-humiliation-cascade-system.test.js > SPEC-076: Humiliation Cascade System > level 3: includes player_request_transfer 0ms
 ✓ tests/specs/SPEC-076-humiliation-cascade-system.test.js > SPEC-076: Humiliation Cascade System > survival narrative active at level 3 0ms
 ✓ tests/specs/SPEC-076-humiliation-cascade-system.test.js > SPEC-076: Humiliation Cascade System > survival narrative NOT active at level 1 0ms
 ✓ tests/specs/SPEC-076-humiliation-cascade-system.test.js > SPEC-076: Humiliation Cascade System > all tensionDelta values are negative 0ms
 ✓ tests/specs/SPEC-011-staff.test.js > SPEC-011: Staff System > 5 staff roles defined 2ms
 ✓ tests/specs/SPEC-011-staff.test.js > SPEC-011: Staff System > Each role has cost + effect 1ms
 ✓ tests/specs/SPEC-011-staff.test.js > SPEC-011: Staff System > StaffManager hire works 0ms
 ✓ tests/specs/SPEC-011-staff.test.js > SPEC-011: Staff System > Cant hire same role twice 0ms
 ✓ tests/specs/SPEC-011-staff.test.js > SPEC-011: Staff System > Fire works 0ms
 ✓ tests/specs/SPEC-011-staff.test.js > SPEC-011: Staff System > Weekly cost sums hires 0ms
 ✓ tests/specs/SPEC-011-staff.test.js > SPEC-011: Staff System > Effects compounded by hires 0ms
 ✓ tests/specs/SPEC-011-staff.test.js > SPEC-011: Staff System > Invalid role rejected 0ms
 ✓ tests/specs/SPEC-075-star-protection-system.test.js > SPEC-075: Star Player Protection > protect sets active protection 3ms
 ✓ tests/specs/SPEC-075-star-protection-system.test.js > SPEC-075: Star Player Protection > only 1 protected player at a time 1ms
 ✓ tests/specs/SPEC-075-star-protection-system.test.js > SPEC-075: Star Player Protection > public declaration creates press event 0ms
 ✓ tests/specs/SPEC-075-star-protection-system.test.js > SPEC-075: Star Player Protection > board sell attempt → tensionDelta -30 0ms
 ✓ tests/specs/SPEC-075-star-protection-system.test.js > SPEC-075: Star Player Protection > board sell non-protected → null 0ms
 ✓ tests/specs/SPEC-075-star-protection-system.test.js > SPEC-075: Star Player Protection > narrativeState hero when avgRating ≥ 7.5 and 5+ games 0ms
 ✓ tests/specs/SPEC-075-star-protection-system.test.js > SPEC-075: Star Player Protection > narrativeState villain when avgRating < 6 and 5+ games 0ms
 ✓ tests/specs/SPEC-075-star-protection-system.test.js > SPEC-075: Star Player Protection > narrativeState neutral when < 5 games 0ms
 ✓ tests/specs/SPEC-075-star-protection-system.test.js > SPEC-075: Star Player Protection > hero generates positive press event 0ms
 ✓ tests/specs/SPEC-075-star-protection-system.test.js > SPEC-075: Star Player Protection > revoke removes protection 0ms
 ✓ tests/specs/SPEC-075-star-protection-system.test.js > SPEC-075: Star Player Protection > protect injured player 8+ weeks throws 0ms
 ✓ tests/specs/SPEC-075-star-protection-system.test.js > SPEC-075: Star Player Protection > protect injured player ≤8 weeks is ok 0ms
 ✓ tests/unit/dagger-bootstrap.test.js > DAggerBootstrap > warmStartBrain > pre-fills Q-table with teacher data 3ms
 ✓ tests/unit/dagger-bootstrap.test.js > DAggerBootstrap > warmStartBrain > clears traces after bootstrap 1ms
 ✓ tests/unit/dagger-bootstrap.test.js > DAggerBootstrap > warmStartBrain > handles null brain gracefully 0ms
 ✓ tests/unit/dagger-bootstrap.test.js > DAggerBootstrap > warmStartBrain > Q-values reflect teacher priorities 1ms
 ✓ tests/unit/dagger-bootstrap.test.js > DAggerBootstrap > warmStartBandits > warms Thompson bandits with teacher data 0ms
 ✓ tests/unit/dagger-bootstrap.test.js > DAggerBootstrap > warmStartBandits > handles null bandits gracefully 0ms
 ✓ tests/unit/dagger-bootstrap.test.js > DAggerBootstrap > warmStartEmotions > pre-fills SARSA tables with teacher emotional responses 3ms
 ✓ tests/unit/dagger-bootstrap.test.js > DAggerBootstrap > warmStartEmotions > clears traces after bootstrap 0ms
 ✓ tests/unit/dagger-bootstrap.test.js > DAggerBootstrap > warmStartEmotions > handles null sarsa gracefully 0ms
 ✓ tests/unit/dagger-bootstrap.test.js > DAggerBootstrap > warmStartAll > runs full pipeline and returns total count 0ms
 ✓ tests/unit/dagger-bootstrap.test.js > DAggerBootstrap > warmStartAll > handles partial args gracefully 0ms
 ✓ tests/unit/dagger-bootstrap.test.js > DAggerBootstrap > warmStartAll > is idempotent — running twice produces same state 1ms
stdout | tests/integration/autoplay-gdd-proof.test.js > AutoPlay GDD Parity Proof — 3 Season Smoke > [SUMMARY] print all decision counts for audit

=== AUTOPLAY GDD PROOF (3 seasons) ===
Weeks: 874
Seasons: 23
Errors: 0

--- Decisions ---
  NARRATIVE_EVENTS: 61
  TACTIC_CHANGE: 44
  CONTRACT_RENEWAL: 34
  TEAM_TALK: 31
  PRESS_CONFERENCE: 24
  TRAIN: 20
  SCARCITY_WINDOW: 10
  ML_TRANSFER_REWARD: 9
  SQUAD_REPLENISH: 9
  MARKET_INQUIRY: 8
  VISIT_VIEW: 8
  BUY_OFFER: 7
  SELL_PLAYER: 6
  DREAD_RELEGATION: 6
  FORMATION: 4
  SUBSTITUTION_CHECK: 3
  TACTIC: 1
  UPGRADE_STADIUM: 1
  UPGRADE_ACADEMY: 1
  TACTIC_OVERRIDE: 1

--- Successes ---
  TRANSFER_SOLD: 101
  RELEGATION: 5
  PROMOTION: 3
  TROPHY_CEREMONY: 2
  TITLE_WON: 2

--- Session Metrics ---
   {"sessionMinutes":0,"actionsPerMinute":2656.3,"matchesPerMinute":69.9,"avgSecondsPerMatch":1}
  Core loop fast: true
===================================


 ✓ tests/integration/autoplay-gdd-proof.test.js > AutoPlay GDD Parity Proof — 3 Season Smoke > ran 3+ seasons 2ms
 ✓ tests/integration/autoplay-gdd-proof.test.js > AutoPlay GDD Parity Proof — 3 Season Smoke > zero crashes 0ms
 ✓ tests/integration/autoplay-gdd-proof.test.js > AutoPlay GDD Parity Proof — 3 Season Smoke > decisions were logged (not empty) 0ms
 ✓ tests/integration/autoplay-gdd-proof.test.js > AutoPlay GDD Parity Proof — 3 Season Smoke > §12.4 #6: SCARCITY_WINDOW fired (transfer deadlines) 0ms
 ✓ tests/integration/autoplay-gdd-proof.test.js > AutoPlay GDD Parity Proof — 3 Season Smoke > §17: NARRATIVE_EVENTS fired (weekEvents) 0ms
 ✓ tests/integration/autoplay-gdd-proof.test.js > AutoPlay GDD Parity Proof — 3 Season Smoke > §17: TEAM_TALK fired 0ms
 ✓ tests/integration/autoplay-gdd-proof.test.js > AutoPlay GDD Parity Proof — 3 Season Smoke > §17: Session metrics tracked actions 0ms
 ✓ tests/integration/autoplay-gdd-proof.test.js > AutoPlay GDD Parity Proof — 3 Season Smoke > §12.4 #8: DREAD or SUBSTITUTION system fired 0ms
 ✓ tests/integration/autoplay-gdd-proof.test.js > AutoPlay GDD Parity Proof — 3 Season Smoke > §15.3: CONTRACT_RENEWAL detected 0ms
 ✓ tests/integration/autoplay-gdd-proof.test.js > AutoPlay GDD Parity Proof — 3 Season Smoke > training decisions made 0ms
 ✓ tests/integration/autoplay-gdd-proof.test.js > AutoPlay GDD Parity Proof — 3 Season Smoke > formation/tactic decisions made 0ms
 ✓ tests/integration/autoplay-gdd-proof.test.js > AutoPlay GDD Parity Proof — 3 Season Smoke > [SUMMARY] print all decision counts for audit 2ms
 ✓ tests/integration/seasonhistory-data.test.js > SeasonHistory Strategic Data > seasonHistory has entries for each season 1ms
 ✓ tests/integration/seasonhistory-data.test.js > SeasonHistory Strategic Data > each entry has division field as number 1ms
 ✓ tests/integration/seasonhistory-data.test.js > SeasonHistory Strategic Data > each entry has position > 0 0ms
 ✓ tests/integration/seasonhistory-data.test.js > SeasonHistory Strategic Data > each entry has numeric balance 0ms
 ✓ tests/integration/seasonhistory-data.test.js > SeasonHistory Strategic Data > each entry has promoted/relegated booleans 1ms
 ✓ tests/integration/seasonhistory-data.test.js > SeasonHistory Strategic Data > each entry has squadSize > 0 0ms
 ✓ tests/integration/seasonhistory-data.test.js > SeasonHistory Strategic Data > each entry has loanActive boolean 0ms
 ✓ tests/integration/seasonhistory-data.test.js > SeasonHistory Strategic Data > each entry has tournamentData array 0ms
 ✓ tests/specs/SPEC-074-organic-challenge-system.test.js > SPEC-074: Organic Challenge System > no challenge in season 1 2ms
 ✓ tests/specs/SPEC-074-organic-challenge-system.test.js > SPEC-074: Organic Challenge System > crisis_save appears when relegation zone club exists 0ms
 ✓ tests/specs/SPEC-074-organic-challenge-system.test.js > SPEC-074: Organic Challenge System > crisis_save not for current club 0ms
 ✓ tests/specs/SPEC-074-organic-challenge-system.test.js > SPEC-074: Organic Challenge System > giant_revival appears for historic club in lower division 0ms
 ✓ tests/specs/SPEC-074-organic-challenge-system.test.js > SPEC-074: Organic Challenge System > style_duel appears when rival match is imminent 0ms
 ✓ tests/specs/SPEC-074-organic-challenge-system.test.js > SPEC-074: Organic Challenge System > challenge has all required fields 0ms
 ✓ tests/specs/SPEC-074-organic-challenge-system.test.js > SPEC-074: Organic Challenge System > challenge always optional 0ms
 ✓ tests/specs/SPEC-074-organic-challenge-system.test.js > SPEC-074: Organic Challenge System > accept returns challengeId 0ms
 ✓ tests/specs/SPEC-074-organic-challenge-system.test.js > SPEC-074: Organic Challenge System > complete success gives rep boost and narrativeTitle 0ms
 ✓ tests/specs/SPEC-074-organic-challenge-system.test.js > SPEC-074: Organic Challenge System > complete failure gives rep loss 0ms
 ✓ tests/specs/SPEC-074-organic-challenge-system.test.js > SPEC-074: Organic Challenge System > giant_revival requires rep ≥ 40 0ms
 ✓ tests/specs/SPEC-014-season-tournament.test.js > SPEC-014: Season & Tournament System > League class exists 2ms
 ✓ tests/specs/SPEC-014-season-tournament.test.js > SPEC-014: Season & Tournament System > KnockoutCup exists 0ms
 ✓ tests/specs/SPEC-014-season-tournament.test.js > SPEC-014: Season & Tournament System > ContinentalCup exists 0ms
 ✓ tests/specs/SPEC-014-season-tournament.test.js > SPEC-014: Season & Tournament System > evaluateSponsor function callable 0ms
 ✓ tests/specs/SPEC-014-season-tournament.test.js > SPEC-014: Season & Tournament System > getCalendarEvent function callable 0ms
 ✓ tests/specs/SPEC-014-season-tournament.test.js > SPEC-014: Season & Tournament System > processPromoRelegation works 0ms
 ✓ tests/specs/SPEC-014-season-tournament.test.js > SPEC-014: Season & Tournament System > Calendar event for valid week 0ms
 ✓ tests/specs/SPEC-014-season-tournament.test.js > SPEC-014: Season & Tournament System > Multiple weeks return distinct events 0ms
 ✓ tests/integration/system-integration.test.js > System Integration: startNewSeason hooks > SPEC-078: hallOfLegends is computed at season end 1004ms
 ✓ tests/specs/SPEC-CareerService.test.js > CareerService — RFCT-014 ProPlayer > getProPlayer null sem proPlayer 1ms
 ✓ tests/specs/SPEC-CareerService.test.js > CareerService — RFCT-014 ProPlayer > getProPlayer returns proPlayer 0ms
 ✓ tests/specs/SPEC-CareerService.test.js > CareerService — RFCT-014 ProPlayer > advanceCareer increments weeksPlayed 0ms
 ✓ tests/specs/SPEC-CareerService.test.js > CareerService — RFCT-014 ProPlayer > advanceCareer rejeita aposentado 0ms
 ✓ tests/specs/SPEC-CareerService.test.js > CareerService — RFCT-015 Manager Career > getManagerCareer retorna null inicialmente 0ms
 ✓ tests/specs/SPEC-CareerService.test.js > CareerService — RFCT-015 Manager Career > signWithClub cria managerCareer 1ms
 ✓ tests/specs/SPEC-CareerService.test.js > CareerService — RFCT-015 Manager Career > signWithClub fecha contrato anterior 0ms
 ✓ tests/specs/SPEC-CareerService.test.js > CareerService — RFCT-015 Manager Career > addOffer + getOffers 0ms
 ✓ tests/specs/SPEC-CareerService.test.js > CareerService — retireProPlayer > retireProPlayer aposenta e transiciona para manager 0ms
 ✓ tests/specs/SPEC-CareerService.test.js > CareerService — retireProPlayer > retireProPlayer rejeita sem proPlayer 0ms
 ✓ tests/specs/SPEC-CareerService.test.js > CareerService — retireProPlayer > retireProPlayer rejeita já aposentado 0ms
 ✓ tests/specs/SPEC-004-formation-tactic.test.js > SPEC-004: Formation & Tactic System > FORMATIONS defined 8ms
 ✓ tests/specs/SPEC-004-formation-tactic.test.js > SPEC-004: Formation & Tactic System > TACTICS defined 0ms
 ✓ tests/specs/SPEC-004-formation-tactic.test.js > SPEC-004: Formation & Tactic System > Formation has structure 0ms
 ✓ tests/specs/SPEC-004-formation-tactic.test.js > SPEC-004: Formation & Tactic System > Tactic has structure 0ms
 ✓ tests/specs/SPEC-004-formation-tactic.test.js > SPEC-004: Formation & Tactic System > Multiple formations available 0ms
 ✓ tests/specs/SPEC-004-formation-tactic.test.js > SPEC-004: Formation & Tactic System > Multiple tactics available 0ms
 ✓ tests/specs/SPEC-004-formation-tactic.test.js > SPEC-004: Formation & Tactic System > Formation key strings 0ms
 ✓ tests/specs/SPEC-004-formation-tactic.test.js > SPEC-004: Formation & Tactic System > Tactic key strings 0ms
 ✓ tests/specs/SPEC-evaluateMyth.test.js > MythService.evaluateMyth — v1.1 auto-canonization > save vazio: zero canonized 2ms
 ✓ tests/specs/SPEC-evaluateMyth.test.js > MythService.evaluateMyth — v1.1 auto-canonization > idoloEterno: 200+ gols + 1+ título + 8+ temps clube 1ms
 ✓ tests/specs/SPEC-evaluateMyth.test.js > MythService.evaluateMyth — v1.1 auto-canonization > idoloEterno: <200 gols não promove 1ms
 ✓ tests/specs/SPEC-evaluateMyth.test.js > MythService.evaluateMyth — v1.1 auto-canonization > criaDaBase: youth + 5+ temps + 50+ jogos 0ms
 ✓ tests/specs/SPEC-evaluateMyth.test.js > MythService.evaluateMyth — v1.1 auto-canonization > goleirao: GOL + 50+ clean sheets 0ms
 ✓ tests/specs/SPEC-evaluateMyth.test.js > MythService.evaluateMyth — v1.1 auto-canonization > multiple slots populated em mesmo clube 0ms
 ✓ tests/specs/SPEC-evaluateMyth.test.js > MythService.evaluateMyth — v1.1 auto-canonization > retiredPlayers também são candidatos 1ms
 ✓ tests/specs/SPEC-evaluateMyth.test.js > MythService.evaluateMyth — v1.1 auto-canonization > idempotente: rodar 2x não duplica 0ms
 ✓ tests/specs/SPEC-evaluateMyth.test.js > MythService.getTotalCanonized > zero quando vazio 0ms
 ✓ tests/specs/SPEC-evaluateMyth.test.js > MythService.getTotalCanonized > conta slots filled across clubs 0ms
 ✓ tests/specs/SPEC-133-market-pricer.test.js > SPEC-133: MarketPricer > spread always 0.5-1.3 5ms
 ✓ tests/specs/SPEC-133-market-pricer.test.js > SPEC-133: MarketPricer > need=high offer ≥ 0.9 × marketValue 0ms
 ✓ tests/specs/SPEC-133-market-pricer.test.js > SPEC-133: MarketPricer > high need + forced willingness → accepted 0ms
 ✓ tests/specs/SPEC-133-market-pricer.test.js > SPEC-133: MarketPricer > acceptance rate > 20% in 100 mixed transactions 0ms
 ✓ tests/specs/SPEC-133-market-pricer.test.js > SPEC-133: MarketPricer > expiring contract (<13 weeks) → marketValue drops ≥40% 0ms
 ✓ tests/specs/SPEC-133-market-pricer.test.js > SPEC-133: MarketPricer > young player (22) → 30%+ premium vs prime (26) same OVR 0ms
 ✓ tests/specs/SPEC-133-market-pricer.test.js > SPEC-133: MarketPricer > OVR 70 age 25 → marketValue 1M-4M (SPEC-140 rescale) 0ms
 ✓ tests/specs/SPEC-133-market-pricer.test.js > SPEC-133: MarketPricer > counterOffer > offerPrice when rejected 0ms
 ✓ tests/specs/SPEC-072-board-tension-system.test.js > SPEC-072: Board Tension System > tension clamped at +100 (upper) 1ms
 ✓ tests/specs/SPEC-072-board-tension-system.test.js > SPEC-072: Board Tension System > tension clamped at -100 (lower) 0ms
 ✓ tests/specs/SPEC-072-board-tension-system.test.js > SPEC-072: Board Tension System > board_sold_player delta = -20 0ms
 ✓ tests/specs/SPEC-072-board-tension-system.test.js > SPEC-072: Board Tension System > title_won delta = +25 0ms
 ✓ tests/specs/SPEC-072-board-tension-system.test.js > SPEC-072: Board Tension System > tension < -20 → demitido threshold 0ms
 ✓ tests/specs/SPEC-072-board-tension-system.test.js > SPEC-072: Board Tension System > tension ≥ 80 → carta_branca 0ms
 ✓ tests/specs/SPEC-072-board-tension-system.test.js > SPEC-072: Board Tension System > carta_branca → board cannot interfere 0ms
 ✓ tests/specs/SPEC-072-board-tension-system.test.js > SPEC-072: Board Tension System > below carta_branca → board can interfere 0ms
 ✓ tests/specs/SPEC-072-board-tension-system.test.js > SPEC-072: Board Tension System > boardMessage present when threshold changes 0ms
 ✓ tests/specs/SPEC-072-board-tension-system.test.js > SPEC-072: Board Tension System > boardMessage absent when threshold unchanged 0ms
 ✓ tests/specs/SPEC-072-board-tension-system.test.js > SPEC-072: Board Tension System > tension persists across seasons (endSeason does NOT reset) 0ms
 ✓ tests/specs/SPEC-072-board-tension-system.test.js > SPEC-072: Board Tension System > cobrado threshold at tension 10-39 0ms
 ✓ tests/specs/SPEC-072-board-tension-system.test.js > SPEC-072: Board Tension System > ultimato threshold at tension -20 to 9 0ms
 ✓ tests/specs/SPEC-072-board-tension-system.test.js > SPEC-072: Board Tension System > win_streak reduces cobrado → can recover 0ms
 ✓ tests/specs/SPEC-InheritanceService.test.js > InheritanceService — initializeBaseTraits > cria 4 traits range 30-70 2ms
 ✓ tests/specs/SPEC-InheritanceService.test.js > InheritanceService — initializeBaseTraits > determinístico com seed 0ms
 ✓ tests/specs/SPEC-InheritanceService.test.js > InheritanceService — applyHallBias > sem MythService injetado: traits inalteradas 0ms
 ✓ tests/specs/SPEC-InheritanceService.test.js > InheritanceService — applyHallBias > idoloEterno preenchido: aumenta lealdade + talento_natural 0ms
 ✓ tests/specs/SPEC-InheritanceService.test.js > InheritanceService — applyHallBias > traidor preenchido: diminui lealdade 0ms
 ✓ tests/specs/SPEC-InheritanceService.test.js > InheritanceService — applyHallBias > múltiplos slots: efeito acumula 0ms
 ✓ tests/specs/SPEC-InheritanceService.test.js > InheritanceService — applyHallBias > clamps em 0-100 0ms
 ✓ tests/specs/SPEC-InheritanceService.test.js > InheritanceService — applyParentInheritance > sem parents: traits inalteradas 0ms
 ✓ tests/specs/SPEC-InheritanceService.test.js > InheritanceService — applyParentInheritance > um parent: mix 60% próprio + 40% parent 0ms
 ✓ tests/specs/SPEC-InheritanceService.test.js > InheritanceService — applyParentInheritance > dois parents: avg + ratio 0ms
 ✓ tests/specs/SPEC-InheritanceService.test.js > InheritanceService — generateInheritedTraits (full pipeline) > gera traits válidos sem parents nem hall 0ms
 ✓ tests/specs/SPEC-InheritanceService.test.js > InheritanceService — generateInheritedTraits (full pipeline) > hall + parents combinam efeitos 0ms
 ✓ tests/specs/SPEC-InheritanceService.test.js > InheritanceService — helpers > getDominantTrait retorna trait máximo 0ms
 ✓ tests/specs/SPEC-InheritanceService.test.js > InheritanceService — helpers > findClosestHallMatch encontra slot mais alinhado 0ms
 ✓ tests/specs/SPEC-071-contract-goal-system.test.js > SPEC-071: Contract Goals System > every hired manager gets contract with objective 2ms
 ✓ tests/specs/SPEC-071-contract-goal-system.test.js > SPEC-071: Contract Goals System > big club rep≥60 gets title objective 0ms
 ✓ tests/specs/SPEC-071-contract-goal-system.test.js > SPEC-071: Contract Goals System > big club rep<60 gets top_4 0ms
 ✓ tests/specs/SPEC-071-contract-goal-system.test.js > SPEC-071: Contract Goals System > small club low rep gets avoid_relegation 0ms
 ✓ tests/specs/SPEC-071-contract-goal-system.test.js > SPEC-071: Contract Goals System > small club div2 gets promotion 0ms
 ✓ tests/specs/SPEC-071-contract-goal-system.test.js > SPEC-071: Contract Goals System > failing objective with sufficient weeks → fired 0ms
 ✓ tests/specs/SPEC-071-contract-goal-system.test.js > SPEC-071: Contract Goals System > minWeeks buffer protects from early firing 0ms
 ✓ tests/specs/SPEC-071-contract-goal-system.test.js > SPEC-071: Contract Goals System > fulfill + rep≥70 → bigger_club_interested ≥30% of time 0ms
 ✓ tests/specs/SPEC-071-contract-goal-system.test.js > SPEC-071: Contract Goals System > fulfill + rep<70 → mostly renewal_offered 0ms
 ✓ tests/specs/SPEC-071-contract-goal-system.test.js > SPEC-071: Contract Goals System > bonusReputation in 5-15 range 0ms
 ✓ tests/specs/SPEC-071-contract-goal-system.test.js > SPEC-071: Contract Goals System > penaltyReputation in 5-20 range 0ms
 ✓ tests/specs/SPEC-071-contract-goal-system.test.js > SPEC-071: Contract Goals System > expiresAfterSeasons in 1-3 range 0ms
 ✓ tests/specs/SPEC-071-contract-goal-system.test.js > SPEC-071: Contract Goals System > failed outcome has negative or zero reputationDelta 0ms
 ✓ tests/specs/SPEC-071-contract-goal-system.test.js > SPEC-071: Contract Goals System > fulfilled outcome has positive reputationDelta 0ms
 ✓ tests/specs/SPEC-RegenLineage.test.js > MythService.generateRegenChild — v1.3 > falha com engineOrSave null 2ms
 ✓ tests/specs/SPEC-RegenLineage.test.js > MythService.generateRegenChild — v1.3 > falha sem parent encontrado 0ms
 ✓ tests/specs/SPEC-RegenLineage.test.js > MythService.generateRegenChild — v1.3 > encontra parent na squad ativa 0ms
 ✓ tests/specs/SPEC-RegenLineage.test.js > MythService.generateRegenChild — v1.3 > encontra parent em retiredPlayers 0ms
 ✓ tests/specs/SPEC-RegenLineage.test.js > MythService.generateRegenChild — v1.3 > rng > 0.25: no birth (probabilidade gate) 0ms
 ✓ tests/specs/SPEC-RegenLineage.test.js > MythService.generateRegenChild — v1.3 > child age 16-18 0ms
 ✓ tests/specs/SPEC-RegenLineage.test.js > MythService.generateRegenChild — v1.3 > persiste em regenLineage 1ms
 ✓ tests/specs/SPEC-RegenLineage.test.js > MythService.generateRegenChild — v1.3 > herda traits via InheritanceService injected 1ms
 ✓ tests/specs/SPEC-RegenLineage.test.js > MythService.generateRegenChild — v1.3 > child.isRegenChild flag true 0ms
 ✓ tests/specs/SPEC-RegenLineage.test.js > MythService.getRegenChildren > retorna lineage entries 0ms
 ✓ tests/specs/SPEC-RegenLineage.test.js > MythService.getRegenChildren > retorna [] sem regenLineage 0ms
 ✓ tests/specs/SPEC-143-meta-progression.test.js > SPEC-143: Meta-Progression System > Achievements defined 9ms
 ✓ tests/specs/SPEC-143-meta-progression.test.js > SPEC-143: Meta-Progression System > No achievements unlocked initially 1ms
 ✓ tests/specs/SPEC-143-meta-progression.test.js > SPEC-143: Meta-Progression System > First title achievement unlocks 0ms
 ✓ tests/specs/SPEC-143-meta-progression.test.js > SPEC-143: Meta-Progression System > Achievement persists across evaluations 1ms
 ✓ tests/specs/SPEC-143-meta-progression.test.js > SPEC-143: Meta-Progression System > Multiple achievements can unlock simultaneously 0ms
 ✓ tests/specs/SPEC-143-meta-progression.test.js > SPEC-143: Meta-Progression System > getAllAchievements returns unlock status 0ms
 ✓ tests/specs/tournament-reset.test.js > Tournament State Reset > KnockoutCup.init resets phase index and winner 3ms
 ✓ tests/specs/tournament-reset.test.js > Tournament State Reset > ContinentalCup.init resets groups, phase, and knockout state 1ms
 ✓ tests/regression/SPEC-123-realtime-learning.test.js > SPEC-123 — brain summary contract for UI > summary returns shape needed by LearningPanel 4ms
 ✓ tests/regression/SPEC-123-realtime-learning.test.js > SPEC-123 — brain summary contract for UI > topActions entries have action + totalQ fields 1ms
 ✓ tests/regression/SPEC-123-realtime-learning.test.js > SPEC-123 — brain summary contract for UI > memory exposes recent entries for UI 0ms
 ✓ tests/regression/SPEC-123-realtime-learning.test.js > SPEC-123 — brain summary contract for UI > memory entries have fields needed by MemoryEntry component 0ms
 ✓ tests/regression/SPEC-123-realtime-learning.test.js > SPEC-123 — seasonHistory tracking > seasonHistory record shape 0ms
 ✓ tests/regression/SPEC-123-realtime-learning.test.js > SPEC-123 — seasonHistory tracking > seasonHistory cap is 100 0ms
 ✓ tests/integration/marl-e2e.test.js > MARL E2E Integration > Full Season Simulation with MARL > engine.advanceWeek() runs 38 weeks without crashing 987ms
 ✓ tests/specs/SPEC-NarrativeArcs.test.js > Narrative Arcs — vocabulário > ARCS_COUNT >= 6 (v1.4 MVP) 3ms
 ✓ tests/specs/SPEC-NarrativeArcs.test.js > Narrative Arcs — vocabulário > NARRATIVE_ARCS frozen (immutability) 1ms
 ✓ tests/specs/SPEC-NarrativeArcs.test.js > Narrative Arcs — vocabulário > todos arcs têm id único 0ms
 ✓ tests/specs/SPEC-NarrativeArcs.test.js > Narrative Arcs — vocabulário > todos arcs têm name + description + headline 1ms
 ✓ tests/specs/SPEC-NarrativeArcs.test.js > Narrative Arcs — vocabulário > arcs canonicos presentes 1ms
 ✓ tests/specs/SPEC-NarrativeArcs.test.js > Narrative Arcs — getArc helper > retorna arc por id 0ms
 ✓ tests/specs/SPEC-NarrativeArcs.test.js > Narrative Arcs — getArc helper > retorna null pra id inválido 0ms
 ✓ tests/specs/SPEC-NarrativeArcs.test.js > NarrativeService.evaluateArcs — auto-trigger > sem RelationshipService: zero opened 0ms
 ✓ tests/specs/SPEC-NarrativeArcs.test.js > NarrativeService.evaluateArcs — auto-trigger > rivalry < 70: não abre arc 0ms
 ✓ tests/specs/SPEC-NarrativeArcs.test.js > NarrativeService.evaluateArcs — auto-trigger > rivalry >= 70: abre A Vingança Lenta 0ms
 ✓ tests/specs/SPEC-NarrativeArcs.test.js > NarrativeService.evaluateArcs — auto-trigger > idempotente: re-rodar não duplica arc 0ms
 ✓ tests/specs/SPEC-132-squad-health-monitor.test.js > SPEC-132: SquadHealthMonitor > squad ≥ 11 → no trigger 1ms
 ✓ tests/specs/SPEC-132-squad-health-monitor.test.js > SPEC-132: SquadHealthMonitor > squad < 11 → triggers alert for player-manager 0ms
 ✓ tests/specs/SPEC-132-squad-health-monitor.test.js > SPEC-132: SquadHealthMonitor > squad < 8 → forceMarketOpen for player-manager 0ms
 ✓ tests/specs/SPEC-132-squad-health-monitor.test.js > SPEC-132: SquadHealthMonitor > NPC squad < 8 → auto_buy action 0ms
 ✓ tests/specs/SPEC-132-squad-health-monitor.test.js > SPEC-132: SquadHealthMonitor > NPC budget=0 → triggered but no players bought 0ms
 ✓ tests/specs/SPEC-132-squad-health-monitor.test.js > SPEC-132: SquadHealthMonitor > player-manager: no auto_buy (no playersBought field) 0ms
 ✓ tests/specs/SPEC-132-squad-health-monitor.test.js > SPEC-132: SquadHealthMonitor > cooldown: same team same week → no second trigger 0ms
 ✓ tests/specs/SPEC-132-squad-health-monitor.test.js > SPEC-132: SquadHealthMonitor > alert message contains squad size 0ms
 ✓ tests/regression/BUG-020.test.js > BUG-020 regression: localStorage auto-save > GameContext exists 1ms
 ✓ tests/regression/BUG-020.test.js > BUG-020 regression: localStorage auto-save > Uses localStorage 0ms
 ✓ tests/regression/BUG-020.test.js > BUG-020 regression: localStorage auto-save > SAVE_KEY constant defined 0ms
 ✓ tests/regression/BUG-020.test.js > BUG-020 regression: localStorage auto-save > saveToStorage function exists 0ms
 ✓ tests/regression/BUG-020.test.js > BUG-020 regression: localStorage auto-save > loadFromStorage function exists 0ms
 ✓ tests/regression/BUG-020.test.js > BUG-020 regression: localStorage auto-save > useEffect auto-save on gameState change 0ms
 ✓ tests/regression/BUG-020.test.js > BUG-020 regression: localStorage auto-save > Class fields not serialized (avoid breaking instances) 0ms
 ✓ tests/regression/BUG-020.test.js > BUG-020 regression: localStorage auto-save > resetGame clears storage 0ms
 ✓ tests/specs/SPEC-008-stress-system.test.js > SPEC-008: Stress & Mental Health > ProPlayer instantiates 6ms
 ✓ tests/specs/SPEC-008-stress-system.test.js > SPEC-008: Stress & Mental Health > ProPlayer starts at age 17 0ms
 ✓ tests/specs/SPEC-008-stress-system.test.js > SPEC-008: Stress & Mental Health > Default personality is maverick 0ms
 ✓ tests/specs/SPEC-008-stress-system.test.js > SPEC-008: Stress & Mental Health > 3 personalities defined 0ms
 ✓ tests/specs/SPEC-008-stress-system.test.js > SPEC-008: Stress & Mental Health > Maverick has 2x fans multiplier 0ms
 ✓ tests/specs/SPEC-008-stress-system.test.js > SPEC-008: Stress & Mental Health > Virtuoso has +50% train XP 0ms
 ✓ tests/specs/SPEC-008-stress-system.test.js > SPEC-008: Stress & Mental Health > Heartbeat has fans cap 0ms
 ✓ tests/specs/SPEC-008-stress-system.test.js > SPEC-008: Stress & Mental Health > NPCs defined with unlock criteria 0ms
 ✓ tests/specs/SPEC-012-scouting.test.js > SPEC-012: Scouting System > 5 regions defined 1ms
 ✓ tests/specs/SPEC-012-scouting.test.js > SPEC-012: Scouting System > Brasil is free 0ms
 ✓ tests/specs/SPEC-012-scouting.test.js > SPEC-012: Scouting System > Europa Tier 1 (most expensive) 0ms
 ✓ tests/specs/SPEC-012-scouting.test.js > SPEC-012: Scouting System > Without scout: 2 players 1ms
 ✓ tests/specs/SPEC-012-scouting.test.js > SPEC-012: Scouting System > With scout: 5 players 0ms
 ✓ tests/specs/SPEC-012-scouting.test.js > SPEC-012: Scouting System > Without scout: OVR hidden 0ms
 ✓ tests/specs/SPEC-012-scouting.test.js > SPEC-012: Scouting System > With scout: OVR visible 0ms
 ✓ tests/specs/SPEC-012-scouting.test.js > SPEC-012: Scouting System > Invalid region returns no players 0ms
 ✓ tests/specs/SPEC-079-heritage-trait-system.test.js > SPEC-079: Heritage Trait System > inherit returns traits object with all 4 keys 2ms
 ✓ tests/specs/SPEC-079-heritage-trait-system.test.js > SPEC-079: Heritage Trait System > all trait values in 0-100 range 0ms
 ✓ tests/specs/SPEC-079-heritage-trait-system.test.js > SPEC-079: Heritage Trait System > inheritedFrom lists slot names 0ms
 ✓ tests/specs/SPEC-079-heritage-trait-system.test.js > SPEC-079: Heritage Trait System > inheritanceNarrative is non-empty 0ms
 ✓ tests/specs/SPEC-079-heritage-trait-system.test.js > SPEC-079: Heritage Trait System > with baseChance=1.0 always inherits from filled slots 0ms
 ✓ tests/specs/SPEC-079-heritage-trait-system.test.js > SPEC-079: Heritage Trait System > with baseChance=0.0 inherits from nothing 0ms
 ✓ tests/specs/SPEC-079-heritage-trait-system.test.js > SPEC-079: Heritage Trait System > empty hall → no inheritance, narrative still returned 0ms
 ✓ tests/specs/SPEC-079-heritage-trait-system.test.js > SPEC-079: Heritage Trait System > deterministic with same seed 0ms
 ✓ tests/specs/SPEC-005-injury-system.test.js > SPEC-005: Injury System > rollInjury returns null usually (4% match) 7ms
 ✓ tests/specs/SPEC-005-injury-system.test.js > SPEC-005: Injury System > Injury has weeksLeft and type 0ms
 ✓ tests/specs/SPEC-005-injury-system.test.js > SPEC-005: Injury System > Low energy increases injury risk 0ms
 ✓ tests/specs/SPEC-005-injury-system.test.js > SPEC-005: Injury System > Older players higher risk 1ms
 ✓ tests/specs/SPEC-005-injury-system.test.js > SPEC-005: Injury System > healInjury decrements weeksLeft 0ms
 ✓ tests/specs/SPEC-005-injury-system.test.js > SPEC-005: Injury System > healInjury returns true when fully healed 0ms
 ✓ tests/specs/SPEC-005-injury-system.test.js > SPEC-005: Injury System > processMatchInjuries applies to titulares 0ms
 ✓ tests/specs/SPEC-005-injury-system.test.js > SPEC-005: Injury System > Injured player benched (isTitular = false) 0ms
 ✓ tests/specs/SPEC-073-coach-proposal-system.test.js > SPEC-073: Coach Proposals System > no proposal before week 5 2ms
 ✓ tests/specs/SPEC-073-coach-proposal-system.test.js > SPEC-073: Coach Proposals System > no proposal with low rep and no form 0ms
 ✓ tests/specs/SPEC-073-coach-proposal-system.test.js > SPEC-073: Coach Proposals System > proposal appears with rep≥70 + objective met 0ms
 ✓ tests/specs/SPEC-073-coach-proposal-system.test.js > SPEC-073: Coach Proposals System > proposal appears with rep≥50 + 3+ recent wins 0ms
 ✓ tests/specs/SPEC-073-coach-proposal-system.test.js > SPEC-073: Coach Proposals System > proposal has required fields 0ms
 ✓ tests/specs/SPEC-073-coach-proposal-system.test.js > SPEC-073: Coach Proposals System > reputationBoost > 0 for any proposal 0ms
 ✓ tests/specs/SPEC-073-coach-proposal-system.test.js > SPEC-073: Coach Proposals System > accept mid-season charges exit fee 0ms
 ✓ tests/specs/SPEC-073-coach-proposal-system.test.js > SPEC-073: Coach Proposals System > accept near contract end no exit fee 0ms
 ✓ tests/specs/SPEC-073-coach-proposal-system.test.js > SPEC-073: Coach Proposals System > wait_contract_end gives small rep boost 0ms
 ✓ tests/specs/SPEC-073-coach-proposal-system.test.js > SPEC-073: Coach Proposals System > refuse triggers rival_hires_alternative 0ms
 ✓ tests/specs/SPEC-070-manager-identity-system.test.js > SPEC-070: Manager Identity System > reputation always 0-100 1ms
 ✓ tests/specs/SPEC-070-manager-identity-system.test.js > SPEC-070: Manager Identity System > reputation tier — lenda ≥80 0ms
 ✓ tests/specs/SPEC-070-manager-identity-system.test.js > SPEC-070: Manager Identity System > reputation tier — experiente 50-79 0ms
 ✓ tests/specs/SPEC-070-manager-identity-system.test.js > SPEC-070: Manager Identity System > reputation tier — promissor 20-49 0ms
 ✓ tests/specs/SPEC-070-manager-identity-system.test.js > SPEC-070: Manager Identity System > reputation tier — iniciante <20 0ms
 ✓ tests/specs/SPEC-070-manager-identity-system.test.js > SPEC-070: Manager Identity System > dominant style from tactic history (>40% → that tactic) 0ms
 ✓ tests/specs/SPEC-070-manager-identity-system.test.js > SPEC-070: Manager Identity System > balanced if no tactic >40% 0ms
 ✓ tests/specs/SPEC-070-manager-identity-system.test.js > SPEC-070: Manager Identity System > national_title adds +10 reputation 0ms
 ✓ tests/specs/SPEC-070-manager-identity-system.test.js > SPEC-070: Manager Identity System > relegation subtracts -8 reputation 0ms
 ✓ tests/specs/SPEC-070-manager-identity-system.test.js > SPEC-070: Manager Identity System > promotion adds +5 reputation 0ms
 ✓ tests/specs/SPEC-070-manager-identity-system.test.js > SPEC-070: Manager Identity System > fired subtracts -3 reputation 0ms
 ✓ tests/specs/SPEC-070-manager-identity-system.test.js > SPEC-070: Manager Identity System > reputation clamped at 100 even after multiple titles 0ms
 ✓ tests/specs/SPEC-070-manager-identity-system.test.js > SPEC-070: Manager Identity System > reputation clamped at 0 even after multiple relegations 0ms
 ✓ tests/specs/SPEC-070-manager-identity-system.test.js > SPEC-070: Manager Identity System > rankings are unique (no ties) 0ms
 ✓ tests/specs/SPEC-070-manager-identity-system.test.js > SPEC-070: Manager Identity System > careerHighlight always non-empty for new manager 0ms
 ✓ tests/specs/SPEC-070-manager-identity-system.test.js > SPEC-070: Manager Identity System > careerHighlight shows title when available 0ms
 ✓ tests/specs/SPEC-070-manager-identity-system.test.js > SPEC-070: Manager Identity System > attractiveness sums ~100 (±5) 0ms
 ✓ tests/specs/SPEC-070-manager-identity-system.test.js > SPEC-070: Manager Identity System > high reputation → mostly bigClub attractive 0ms
 ✓ tests/specs/SPEC-070-manager-identity-system.test.js > SPEC-070: Manager Identity System > low reputation → mostly smallClub attractive 0ms
 ✓ tests/specs/SPEC-135-view-unlock-system.test.js > SPEC-135: ViewUnlockSystem > core views always accessible 2ms
 ✓ tests/specs/SPEC-135-view-unlock-system.test.js > SPEC-135: ViewUnlockSystem > academy locked until season 2 0ms
 ✓ tests/specs/SPEC-135-view-unlock-system.test.js > SPEC-135: ViewUnlockSystem > trophy_room locked until first title 0ms
 ✓ tests/specs/SPEC-135-view-unlock-system.test.js > SPEC-135: ViewUnlockSystem > blocked view returns unlockCondition with progress 0-100 0ms
 ✓ tests/specs/SPEC-135-view-unlock-system.test.js > SPEC-135: ViewUnlockSystem > scouting progress = 50% at 5 transfers (needs 10) 0ms
 ✓ tests/specs/SPEC-135-view-unlock-system.test.js > SPEC-135: ViewUnlockSystem > persistUnlock makes view accessible permanently 0ms
 ✓ tests/specs/SPEC-135-view-unlock-system.test.js > SPEC-135: ViewUnlockSystem > persistUnlock does not duplicate entries 0ms
 ✓ tests/specs/SPEC-135-view-unlock-system.test.js > SPEC-135: ViewUnlockSystem > coverage ≥ 10/16 after 3 seasons + 1 title + 12 transfers + rep 45 0ms
 ✓ tests/specs/SPEC-135-view-unlock-system.test.js > SPEC-135: ViewUnlockSystem > evaluateNewUnlocks finds newly met conditions 0ms
 ✓ tests/specs/SPEC-006-board-system.test.js > SPEC-006: Board System > Board has 2 members 2ms
 ✓ tests/specs/SPEC-006-board-system.test.js > SPEC-006: Board System > BoardSystem starts with 60 confidence 0ms
 ✓ tests/specs/SPEC-006-board-system.test.js > SPEC-006: Board System > Grace period 8 weeks 0ms
 ✓ tests/specs/SPEC-006-board-system.test.js > SPEC-006: Board System > Bad streak reduces confidence post-grace 0ms
 ✓ tests/specs/SPEC-006-board-system.test.js > SPEC-006: Board System > Good performance increases confidence 0ms
 ✓ tests/specs/SPEC-006-board-system.test.js > SPEC-006: Board System > Confidence < 10 triggers demission 0ms
 ✓ tests/specs/SPEC-006-board-system.test.js > SPEC-006: Board System > Status returns label, color, emoji 0ms
 ✓ tests/specs/SPEC-006-board-system.test.js > SPEC-006: Board System > Objectives generated based on division 0ms
 ✓ tests/specs/SPEC-077-loss-streak-response-system.test.js > SPEC-077: Loss Streak Response System > streak 3-4 → mild, no force 2ms
 ✓ tests/specs/SPEC-077-loss-streak-response-system.test.js > SPEC-077: Loss Streak Response System > streak 5+ gives response options for player 0ms
 ✓ tests/specs/SPEC-077-loss-streak-response-system.test.js > SPEC-077: Loss Streak Response System > streak 8+ → forcedEvent=true for player 0ms
 ✓ tests/specs/SPEC-077-loss-streak-response-system.test.js > SPEC-077: Loss Streak Response System > streak 11+ → tensionApplied -40 0ms
 ✓ tests/specs/SPEC-077-loss-streak-response-system.test.js > SPEC-077: Loss Streak Response System > NPC gets npcResponse, no responseOptions 0ms
 ✓ tests/specs/SPEC-077-loss-streak-response-system.test.js > SPEC-077: Loss Streak Response System > resign always available in crisis 0ms
 ✓ tests/specs/SPEC-077-loss-streak-response-system.test.js > SPEC-077: Loss Streak Response System > morale floor at 5 0ms
 ✓ tests/specs/SPEC-077-loss-streak-response-system.test.js > SPEC-077: Loss Streak Response System > recordResult W resets streak to 0 0ms
 ✓ tests/specs/SPEC-077-loss-streak-response-system.test.js > SPEC-077: Loss Streak Response System > recordResult L increments streak 0ms
 ✓ tests/specs/SPEC-077-loss-streak-response-system.test.js > SPEC-077: Loss Streak Response System > draw does not change streak 0ms
 ✓ tests/specs/SPEC-077-loss-streak-response-system.test.js > SPEC-077: Loss Streak Response System > streak 0-2 → no severity (none) 0ms
 ✓ tests/specs/SPEC-078-hall-of-legends-system.test.js > SPEC-078: Hall of Legends System > 6 slot keys defined 1ms
 ✓ tests/specs/SPEC-078-hall-of-legends-system.test.js > SPEC-078: Hall of Legends System > idoloEterno = player with most apps 0ms
 ✓ tests/specs/SPEC-078-hall-of-legends-system.test.js > SPEC-078: Hall of Legends System > goleirao = player with most goals 0ms
 ✓ tests/specs/SPEC-078-hall-of-legends-system.test.js > SPEC-078: Hall of Legends System > criaDaBase = best base player 0ms
 ✓ tests/specs/SPEC-078-hall-of-legends-system.test.js > SPEC-078: Hall of Legends System > traidor = player sold to rival 0ms
 ✓ tests/specs/SPEC-078-hall-of-legends-system.test.js > SPEC-078: Hall of Legends System > lendaTragica = player with long injury 0ms
 ✓ tests/specs/SPEC-078-hall-of-legends-system.test.js > SPEC-078: Hall of Legends System > carrasco = rival player with most goals vs this club 0ms
 ✓ tests/specs/SPEC-078-hall-of-legends-system.test.js > SPEC-078: Hall of Legends System > isCanonized returns true for canonized player 0ms
 ✓ tests/specs/SPEC-078-hall-of-legends-system.test.js > SPEC-078: Hall of Legends System > isCanonized returns false for unknown player 0ms
 ✓ tests/specs/SPEC-078-hall-of-legends-system.test.js > SPEC-078: Hall of Legends System > filledCount reflects actual filled slots 0ms
 ✓ tests/specs/SPEC-078-hall-of-legends-system.test.js > SPEC-078: Hall of Legends System > goleirao not filled if all players have 0 goals 0ms
 ✓ tests/regression/BUG-011.test.js > BUG-011 regression: regression.yml has PR write permissions > regression.yml exists 2ms
 ✓ tests/regression/BUG-011.test.js > BUG-011 regression: regression.yml has PR write permissions > Workflow has permissions block 0ms
 ✓ tests/regression/BUG-011.test.js > BUG-011 regression: regression.yml has PR write permissions > pull-requests: write set 0ms
 ✓ tests/regression/BUG-011.test.js > BUG-011 regression: regression.yml has PR write permissions > issues: write set 0ms
 ✓ tests/specs/SPEC-010-stadium.test.js > SPEC-010: Stadium System > 5 stadium levels defined 1ms
 ✓ tests/specs/SPEC-010-stadium.test.js > SPEC-010: Stadium System > Level 1: 5K capacity 0ms
 ✓ tests/specs/SPEC-010-stadium.test.js > SPEC-010: Stadium System > Level 5: 80K capacity 0ms
 ✓ tests/specs/SPEC-010-stadium.test.js > SPEC-010: Stadium System > Upgrade costs progressive 0ms
 ✓ tests/specs/SPEC-010-stadium.test.js > SPEC-010: Stadium System > Ticket prices increase per level 0ms
 ✓ tests/specs/SPEC-010-stadium.test.js > SPEC-010: Stadium System > Revenue calculation works 0ms
 ✓ tests/specs/SPEC-010-stadium.test.js > SPEC-010: Stadium System > Higher reputation → higher revenue 0ms
 ✓ tests/specs/SPEC-010-stadium.test.js > SPEC-010: Stadium System > VIP revenue 3× ticket price 0ms
 ✓ tests/regression/BUG-019.test.js > BUG-019 regression: StaffManager.getStaff exists > getStaff method exists 1ms
 ✓ tests/regression/BUG-019.test.js > BUG-019 regression: StaffManager.getStaff exists > getStaff(notHired) returns null 0ms
 ✓ tests/regression/BUG-019.test.js > BUG-019 regression: StaffManager.getStaff exists > getStaff(hired) returns role object 0ms
 ✓ tests/regression/BUG-019.test.js > BUG-019 regression: StaffManager.getStaff exists > getStaff invalid id returns null 0ms
 ✓ tests/regression/BUG-019.test.js > BUG-019 regression: StaffManager.getStaff exists > getAllStaff returns all hired roles 0ms
 ✓ tests/regression/BUG-019.test.js > BUG-019 regression: StaffManager.getStaff exists > STAFF_ROLES.filter pattern works (DashboardView) 0ms
 ✓ tests/regression/BUG-078.test.js > BUG-078 — SPEC-111 market offer tracking > old probe shape caused avgSpread=-1 (confirmed broken behavior) 2ms
 ✓ tests/regression/BUG-078.test.js > BUG-078 — SPEC-111 market offer tracking > real buy offer shape produces correct spread and acceptance 0ms
 ✓ tests/regression/BUG-078.test.js > BUG-078 — SPEC-111 market offer tracking > SPEC-111 sigmoid: offer 130% of value always accepted 0ms
 ✓ tests/regression/BUG-078.test.js > BUG-078 — SPEC-111 market offer tracking > SPEC-111 sigmoid: OVR-based fallback still exceeds acceptance threshold 0ms
 ✓ tests/specs/SPEC-001-match-engine.test.js > SPEC-001: Match Engine Simulation > Engine instantiates with default state 2ms
 ✓ tests/specs/SPEC-001-match-engine.test.js > SPEC-001: Match Engine Simulation > Manager mode initializes state 0ms
 ✓ tests/specs/SPEC-001-match-engine.test.js > SPEC-001: Match Engine Simulation > Manager stats initialized 0ms
 ✓ tests/specs/SPEC-001-match-engine.test.js > SPEC-001: Match Engine Simulation > Scouted players starts empty 0ms
 ✓ tests/specs/SPEC-001-match-engine.test.js > SPEC-001: Match Engine Simulation > Stadium level defaults to 1 0ms
 ✓ tests/specs/SPEC-001-match-engine.test.js > SPEC-001: Match Engine Simulation > Academy level defaults to 1 0ms
 ✓ tests/specs/SPEC-001-match-engine.test.js > SPEC-001: Match Engine Simulation > Season number starts at 1 0ms
 ✓ tests/specs/SPEC-001-match-engine.test.js > SPEC-001: Match Engine Simulation > Current tactic defaults to normal 0ms
 ✓ tests/integration/system-integration.test.js > System Integration: startNewSeason hooks > SPEC-072: boardTension updates on title won 756ms
 ✓ tests/integration/marl-e2e.test.js > MARL E2E Integration > Full Season Simulation with MARL > NPC brains accumulate updates over a season 577ms
 ✓ tests/integration/system-integration.test.js > System Integration: startNewSeason hooks > lossStreak resets at season start 64ms
 ✓ tests/integration/system-integration.test.js > System Integration: acceptTransferOffer hooks > SPEC-081: sold players are tracked in formerCompanions 54ms
stdout | tests/integration/marl-e2e.test.js > MARL E2E Integration > Full Season Simulation with MARL > NPC emotional states change during season
Emotional diversity: 79/169 NPCs not CALM after season

 ✓ tests/integration/marl-e2e.test.js > MARL E2E Integration > Full Season Simulation with MARL > NPC emotional states change during season 466ms
 ✓ tests/integration/marl-e2e.test.js > MARL E2E Integration > Full Season Simulation with MARL > season rollover (startNewSeason) works with MARL brains 508ms
 ✓ tests/integration/system-integration.test.js > System Integration: full season simulation > completes 2 full seasons without errors 996ms
 ✓ tests/characterization/engine-golden.test.js > Engine Golden Master (5 seasons, seed=42) > 5-season simulation snapshot is deterministic 3360ms
 ✓ tests/integration/system-integration.test.js > System Integration: full season simulation > weekEvents contain system-generated events 524ms
 ✓ tests/characterization/engine-golden.test.js > Engine Golden Master (5 seasons, seed=42) > determinism: same seed produces identical key state across instances 1697ms
 ✓ tests/characterization/engine-golden.test.js > Engine Golden Master (5 seasons, seed=42) > initGame produces deterministic team count 58ms
 ✓ tests/characterization/engine-golden.test.js > Engine Golden Master (5 seasons, seed=42) > 40-week simulation completes without throwing 536ms
 ✓ tests/integration/marl-e2e.test.js > MARL E2E Integration > Full Season Simulation with MARL > two full seasons complete without crash 957ms
 ✓ tests/statistical/poisson-10k.test.js > §11 Statistical Validation — Match Engine > should produce sufficient matches 1ms
 ✓ tests/statistical/poisson-10k.test.js > §11 Statistical Validation — Match Engine > mean goals per team in realistic range 0ms
 ✓ tests/statistical/poisson-10k.test.js > §11 Statistical Validation — Match Engine > no negative goals ever produced 0ms
 ✓ tests/statistical/poisson-10k.test.js > §11 Statistical Validation — Match Engine > max goals per team is reasonable (≤ 15) 0ms
 ✓ tests/statistical/poisson-10k.test.js > §11 Statistical Validation — Match Engine > not ALL games identical — variance exists 0ms

 Test Files  4 failed | 82 passed (86)
      Tests  14 failed | 1021 passed (1035)
   Start at  15:19:39
   Duration  12.05s (transform 5.94s, setup 0ms, import 18.16s, tests 33.08s, environment 7ms)

