// Vitest Snapshot v1, https://vitest.dev/guide/snapshot.html

exports[`Engine Golden Master (5 seasons, seed=42) > 5-season simulation snapshot is deterministic 1`] = `
{
  "academyLevel": 1,
  "currentWeek": 38,
  "legacyTitlesCount": 0,
  "managerLosses": 188,
  "managerWins": 2,
  "seasonNumber": 1,
  "stadiumLevel": 1,
  "teamsCount": 170,
  "top5BRA1": [
    {
      "played": 38,
      "points": 76,
      "teamId": 11,
      "won": 24,
    },
    {
      "played": 38,
      "points": 73,
      "teamId": 20,
      "won": 23,
    },
    {
      "played": 38,
      "points": 67,
      "teamId": 8,
      "won": 21,
    },
    {
      "played": 38,
      "points": 66,
      "teamId": 2,
      "won": 21,
    },
    {
      "played": 38,
      "points": 65,
      "teamId": 15,
      "won": 20,
    },
  ],
  "tournamentsCount": 16,
  "userSquadSize": 0,
  "userTeamBalance": 559865455,
  "userTeamId": 1,
}
`;
