// Vitest Snapshot v1, https://vitest.dev/guide/snapshot.html

exports[`Engine Golden Master (5 seasons, seed=42) > 5-season simulation snapshot is deterministic 1`] = `
{
  "academyLevel": 1,
  "currentWeek": 38,
  "legacyTitlesCount": 0,
  "managerLosses": 24,
  "managerWins": 10,
  "seasonNumber": 5,
  "stadiumLevel": 1,
  "teamsCount": 170,
  "top5BRA1": [
    {
      "played": 38,
      "points": 76,
      "teamId": 16,
      "won": 24,
    },
    {
      "played": 38,
      "points": 71,
      "teamId": 7,
      "won": 23,
    },
    {
      "played": 38,
      "points": 63,
      "teamId": 6,
      "won": 19,
    },
    {
      "played": 38,
      "points": 62,
      "teamId": 9,
      "won": 18,
    },
    {
      "played": 38,
      "points": 62,
      "teamId": 10,
      "won": 18,
    },
  ],
  "tournamentsCount": 17,
  "userSquadSize": 2,
  "userTeamBalance": 530766060,
  "userTeamId": 1,
}
`;
